Component: ARM Compiler 5.06 update 5 (build 528) Tool: armlink [4d35e2]

==============================================================================

Section Cross References

    startup_stm32h743xx.o(STACK) refers (Special) to heapauxi.o(.text) for __use_two_region_memory
    startup_stm32h743xx.o(HEAP) refers (Special) to heapauxi.o(.text) for __use_two_region_memory
    startup_stm32h743xx.o(RESET) refers (Special) to heapauxi.o(.text) for __use_two_region_memory
    startup_stm32h743xx.o(RESET) refers to startup_stm32h743xx.o(STACK) for __initial_sp
    startup_stm32h743xx.o(RESET) refers to startup_stm32h743xx.o(.text) for Reset_Handler
    startup_stm32h743xx.o(RESET) refers to stm32h7xx_it.o(i.NMI_Handler) for NMI_Handler
    startup_stm32h743xx.o(RESET) refers to stm32h7xx_it.o(i.HardFault_Handler) for HardFault_Handler
    startup_stm32h743xx.o(RESET) refers to stm32h7xx_it.o(i.MemManage_Handler) for MemManage_Handler
    startup_stm32h743xx.o(RESET) refers to stm32h7xx_it.o(i.BusFault_Handler) for BusFault_Handler
    startup_stm32h743xx.o(RESET) refers to stm32h7xx_it.o(i.UsageFault_Handler) for UsageFault_Handler
    startup_stm32h743xx.o(RESET) refers to stm32h7xx_it.o(i.SVC_Handler) for SVC_Handler
    startup_stm32h743xx.o(RESET) refers to stm32h7xx_it.o(i.DebugMon_Handler) for DebugMon_Handler
    startup_stm32h743xx.o(RESET) refers to stm32h7xx_it.o(i.PendSV_Handler) for PendSV_Handler
    startup_stm32h743xx.o(RESET) refers to stm32h7xx_it.o(i.SysTick_Handler) for SysTick_Handler
    startup_stm32h743xx.o(RESET) refers to stm32h7xx_it.o(i.DMA1_Stream0_IRQHandler) for DMA1_Stream0_IRQHandler
    startup_stm32h743xx.o(RESET) refers to stm32h7xx_it.o(i.DMA1_Stream1_IRQHandler) for DMA1_Stream1_IRQHandler
    startup_stm32h743xx.o(RESET) refers to stm32h7xx_it.o(i.USART1_IRQHandler) for USART1_IRQHandler
    startup_stm32h743xx.o(RESET) refers to stm32h7xx_it.o(i.TIM6_DAC_IRQHandler) for TIM6_DAC_IRQHandler
    startup_stm32h743xx.o(RESET) refers to stm32h7xx_it.o(i.TIM7_IRQHandler) for TIM7_IRQHandler
    startup_stm32h743xx.o(.text) refers (Special) to heapauxi.o(.text) for __use_two_region_memory
    startup_stm32h743xx.o(.text) refers to system_stm32h7xx.o(i.ExitRun0Mode) for ExitRun0Mode
    startup_stm32h743xx.o(.text) refers to system_stm32h7xx.o(i.SystemInit) for SystemInit
    startup_stm32h743xx.o(.text) refers to __main.o(!!!main) for __main
    startup_stm32h743xx.o(.text) refers to startup_stm32h743xx.o(HEAP) for Heap_Mem
    startup_stm32h743xx.o(.text) refers to startup_stm32h743xx.o(STACK) for Stack_Mem
    main.o(i.SystemClock_Config) refers to rt_memclr_w.o(.text) for __aeabi_memclr4
    main.o(i.SystemClock_Config) refers to stm32h7xx_hal_pwr_ex.o(i.HAL_PWREx_ConfigSupply) for HAL_PWREx_ConfigSupply
    main.o(i.SystemClock_Config) refers to stm32h7xx_hal_rcc.o(i.HAL_RCC_OscConfig) for HAL_RCC_OscConfig
    main.o(i.SystemClock_Config) refers to stm32h7xx_hal_rcc.o(i.HAL_RCC_ClockConfig) for HAL_RCC_ClockConfig
    main.o(i.main) refers to stm32h7xx_hal_cortex.o(i.HAL_MPU_Disable) for HAL_MPU_Disable
    main.o(i.main) refers to stm32h7xx_hal_cortex.o(i.HAL_MPU_ConfigRegion) for HAL_MPU_ConfigRegion
    main.o(i.main) refers to stm32h7xx_hal_cortex.o(i.HAL_MPU_Enable) for HAL_MPU_Enable
    main.o(i.main) refers to stm32h7xx_hal.o(i.HAL_Init) for HAL_Init
    main.o(i.main) refers to main.o(i.SystemClock_Config) for SystemClock_Config
    main.o(i.main) refers to gpio.o(i.MX_GPIO_Init) for MX_GPIO_Init
    main.o(i.main) refers to dma.o(i.MX_DMA_Init) for MX_DMA_Init
    main.o(i.main) refers to spi.o(i.MX_SPI1_Init) for MX_SPI1_Init
    main.o(i.main) refers to tim.o(i.MX_TIM1_Init) for MX_TIM1_Init
    main.o(i.main) refers to tim.o(i.MX_TIM2_Init) for MX_TIM2_Init
    main.o(i.main) refers to tim.o(i.MX_TIM3_Init) for MX_TIM3_Init
    main.o(i.main) refers to tim.o(i.MX_TIM4_Init) for MX_TIM4_Init
    main.o(i.main) refers to usart.o(i.MX_USART1_UART_Init) for MX_USART1_UART_Init
    main.o(i.main) refers to tim.o(i.MX_TIM5_Init) for MX_TIM5_Init
    main.o(i.main) refers to tim.o(i.MX_TIM6_Init) for MX_TIM6_Init
    main.o(i.main) refers to usart.o(i.MX_USART2_UART_Init) for MX_USART2_UART_Init
    main.o(i.main) refers to tim.o(i.MX_TIM7_Init) for MX_TIM7_Init
    main.o(i.main) refers to start.o(i.Start_Init) for Start_Init
    main.o(i.main) refers to start.o(i.Start_MainLoop) for Start_MainLoop
    gpio.o(i.MX_GPIO_Init) refers to rt_memclr_w.o(.text) for __aeabi_memclr4
    gpio.o(i.MX_GPIO_Init) refers to stm32h7xx_hal_gpio.o(i.HAL_GPIO_WritePin) for HAL_GPIO_WritePin
    gpio.o(i.MX_GPIO_Init) refers to stm32h7xx_hal_gpio.o(i.HAL_GPIO_Init) for HAL_GPIO_Init
    dma.o(i.MX_DMA_Init) refers to stm32h7xx_hal_cortex.o(i.HAL_NVIC_SetPriority) for HAL_NVIC_SetPriority
    dma.o(i.MX_DMA_Init) refers to stm32h7xx_hal_cortex.o(i.HAL_NVIC_EnableIRQ) for HAL_NVIC_EnableIRQ
[...]
    CRS_IRQHandler                           0x08000443   Thumb Code     0  startup_stm32h743xx.o(.text)
    DCMI_IRQHandler                          0x08000443   Thumb Code     0  startup_stm32h743xx.o(.text)
    DFSDM1_FLT0_IRQHandler                   0x08000443   Thumb Code     0  startup_stm32h743xx.o(.text)
    DFSDM1_FLT1_IRQHandler                   0x08000443   Thumb Code     0  startup_stm32h743xx.o(.text)
    DFSDM1_FLT2_IRQHandler                   0x08000443   Thumb Code     0  startup_stm32h743xx.o(.text)
    DFSDM1_FLT3_IRQHandler                   0x08000443   Thumb Code     0  startup_stm32h743xx.o(.text)
    DMA1_Stream2_IRQHandler                  0x08000443   Thumb Code     0  startup_stm32h743xx.o(.text)
    DMA1_Stream3_IRQHandler                  0x08000443   Thumb Code     0  startup_stm32h743xx.o(.text)
    DMA1_Stream4_IRQHandler                  0x08000443   Thumb Code     0  startup_stm32h743xx.o(.text)
    DMA1_Stream5_IRQHandler                  0x08000443   Thumb Code     0  startup_stm32h743xx.o(.text)
    DMA1_Stream6_IRQHandler                  0x08000443   Thumb Code     0  startup_stm32h743xx.o(.text)
    DMA1_Stream7_IRQHandler                  0x08000443   Thumb Code     0  startup_stm32h743xx.o(.text)
    DMA2D_IRQHandler                         0x08000443   Thumb Code     0  startup_stm32h743xx.o(.text)
    DMA2_Stream0_IRQHandler                  0x08000443   Thumb Code     0  startup_stm32h743xx.o(.text)
    DMA2_Stream1_IRQHandler                  0x08000443   Thumb Code     0  startup_stm32h743xx.o(.text)
    DMA2_Stream2_IRQHandler                  0x08000443   Thumb Code     0  startup_stm32h743xx.o(.text)
    DMA2_Stream3_IRQHandler                  0x08000443   Thumb Code     0  startup_stm32h743xx.o(.text)
    DMA2_Stream4_IRQHandler                  0x08000443   Thumb Code     0  startup_stm32h743xx.o(.text)
    DMA2_Stream5_IRQHandler                  0x08000443   Thumb Code     0  startup_stm32h743xx.o(.text)
    DMA2_Stream6_IRQHandler                  0x08000443   Thumb Code     0  startup_stm32h743xx.o(.text)
    DMA2_Stream7_IRQHandler                  0x08000443   Thumb Code     0  startup_stm32h743xx.o(.text)
    DMAMUX1_OVR_IRQHandler                   0x08000443   Thumb Code     0  startup_stm32h743xx.o(.text)
    DMAMUX2_OVR_IRQHandler                   0x08000443   Thumb Code     0  startup_stm32h743xx.o(.text)
    ECC_IRQHandler                           0x08000443   Thumb Code     0  startup_stm32h743xx.o(.text)
    ETH_IRQHandler                           0x08000443   Thumb Code     0  startup_stm32h743xx.o(.text)
    ETH_WKUP_IRQHandler                      0x08000443   Thumb Code     0  startup_stm32h743xx.o(.text)
    EXTI0_IRQHandler                         0x08000443   Thumb Code     0  startup_stm32h743xx.o(.text)
    EXTI15_10_IRQHandler                     0x08000443   Thumb Code     0  startup_stm32h743xx.o(.text)
    EXTI1_IRQHandler                         0x08000443   Thumb Code     0  startup_stm32h743xx.o(.text)
    EXTI2_IRQHandler                         0x08000443   Thumb Code     0  startup_stm32h743xx.o(.text)
    EXTI3_IRQHandler                         0x08000443   Thumb Code     0  startup_stm32h743xx.o(.text)
    EXTI4_IRQHandler                         0x08000443   Thumb Code     0  startup_stm32h743xx.o(.text)
    EXTI9_5_IRQHandler                       0x08000443   Thumb Code     0  startup_stm32h743xx.o(.text)
    FDCAN1_IT0_IRQHandler                    0x08000443   Thumb Code     0  startup_stm32h743xx.o(.text)
    FDCAN1_IT1_IRQHandler                    0x08000443   Thumb Code     0  startup_stm32h743xx.o(.text)
    FDCAN2_IT0_IRQHandler                    0x08000443   Thumb Code     0  startup_stm32h743xx.o(.text)
    FDCAN2_IT1_IRQHandler                    0x08000443   Thumb Code     0  startup_stm32h743xx.o(.text)
    FDCAN_CAL_IRQHandler                     0x08000443   Thumb Code     0  startup_stm32h743xx.o(.text)
    FLASH_IRQHandler                         0x08000443   Thumb Code     0  startup_stm32h743xx.o(.text)
    FMC_IRQHandler                           0x08000443   Thumb Code     0  startup_stm32h743xx.o(.text)
    FPU_IRQHandler                           0x08000443   Thumb Code     0  startup_stm32h743xx.o(.text)
    HRTIM1_FLT_IRQHandler                    0x08000443   Thumb Code     0  startup_stm32h743xx.o(.text)
    HRTIM1_Master_IRQHandler                 0x08000443   Thumb Code     0  startup_stm32h743xx.o(.text)
    HRTIM1_TIMA_IRQHandler                   0x08000443   Thumb Code     0  startup_stm32h743xx.o(.text)
    HRTIM1_TIMB_IRQHandler                   0x08000443   Thumb Code     0  startup_stm32h743xx.o(.text)
    HRTIM1_TIMC_IRQHandler                   0x08000443   Thumb Code     0  startup_stm32h743xx.o(.text)
    HRTIM1_TIMD_IRQHandler                   0x08000443   Thumb Code     0  startup_stm32h743xx.o(.text)
    HRTIM1_TIME_IRQHandler                   0x08000443   Thumb Code     0  startup_stm32h743xx.o(.text)
    HSEM1_IRQHandler                         0x08000443   Thumb Code     0  startup_stm32h743xx.o(.text)
    I2C1_ER_IRQHandler                       0x08000443   Thumb Code     0  startup_stm32h743xx.o(.text)
    I2C1_EV_IRQHandler                       0x08000443   Thumb Code     0  startup_stm32h743xx.o(.text)
    I2C2_ER_IRQHandler                       0x08000443   Thumb Code     0  startup_stm32h743xx.o(.text)
    I2C2_EV_IRQHandler                       0x08000443   Thumb Code     0  startup_stm32h743xx.o(.text)
    I2C3_ER_IRQHandler                       0x08000443   Thumb Code     0  startup_stm32h743xx.o(.text)
    I2C3_EV_IRQHandler                       0x08000443   Thumb Code     0  startup_stm32h743xx.o(.text)
    I2C4_ER_IRQHandler                       0x08000443   Thumb Code     0  startup_stm32h743xx.o(.text)
    I2C4_EV_IRQHandler                       0x08000443   Thumb Code     0  startup_stm32h743xx.o(.text)
    JPEG_IRQHandler                          0x08000443   Thumb Code     0  startup_stm32h743xx.o(.text)
    LPTIM1_IRQHandler                        0x08000443   Thumb Code     0  startup_stm32h743xx.o(.text)
    LPTIM2_IRQHandler                        0x08000443   Thumb Code     0  startup_stm32h743xx.o(.text)
    LPTIM3_IRQHandler                        0x08000443   Thumb Code     0  startup_stm32h743xx.o(.text)
    LPTIM4_IRQHandler                        0x08000443   Thumb Code     0  startup_stm32h743xx.o(.text)
    LPTIM5_IRQHandler                        0x08000443   Thumb Code     0  startup_stm32h743xx.o(.text)
    LPUART1_IRQHandler                       0x08000443   Thumb Code     0  startup_stm32h743xx.o(.text)
    LTDC_ER_IRQHandler                       0x08000443   Thumb Code     0  startup_stm32h743xx.o(.text)
    LTDC_IRQHandler                          0x08000443   Thumb Code     0  startup_stm32h743xx.o(.text)
    MDIOS_IRQHandler                         0x08000443   Thumb Code     0  startup_stm32h743xx.o(.text)
    MDIOS_WKUP_IRQHandler                    0x08000443   Thumb Code     0  startup_stm32h743xx.o(.text)
    MDMA_IRQHandler                          0x08000443   Thumb Code     0  startup_stm32h743xx.o(.text)
    OTG_FS_EP1_IN_IRQHandler                 0x08000443   Thumb Code     0  startup_stm32h743xx.o(.text)
    OTG_FS_EP1_OUT_IRQHandler                0x08000443   Thumb Code     0  startup_stm32h743xx.o(.text)
    OTG_FS_IRQHandler                        0x08000443   Thumb Code     0  startup_stm32h743xx.o(.text)
    OTG_FS_WKUP_IRQHandler                   0x08000443   Thumb Code     0  startup_stm32h743xx.o(.text)
    OTG_HS_EP1_IN_IRQHandler                 0x08000443   Thumb Code     0  startup_stm32h743xx.o(.text)
    OTG_HS_EP1_OUT_IRQHandler                0x08000443   Thumb Code     0  startup_stm32h743xx.o(.text)
    OTG_HS_IRQHandler                        0x08000443   Thumb Code     0  startup_stm32h743xx.o(.text)
    OTG_HS_WKUP_IRQHandler                   0x08000443   Thumb Code     0  startup_stm32h743xx.o(.text)
    PVD_AVD_IRQHandler                       0x08000443   Thumb Code     0  startup_stm32h743xx.o(.text)
    QUADSPI_IRQHandler                       0x08000443   Thumb Code     0  startup_stm32h743xx.o(.text)
    RCC_IRQHandler                           0x08000443   Thumb Code     0  startup_stm32h743xx.o(.text)
    RNG_IRQHandler                           0x08000443   Thumb Code     0  startup_stm32h743xx.o(.text)
    RTC_Alarm_IRQHandler                     0x08000443   Thumb Code     0  startup_stm32h743xx.o(.text)
    RTC_WKUP_IRQHandler                      0x08000443   Thumb Code     0  startup_stm32h743xx.o(.text)
    SAI1_IRQHandler                          0x08000443   Thumb Code     0  startup_stm32h743xx.o(.text)
    SAI2_IRQHandler                          0x08000443   Thumb Code     0  startup_stm32h743xx.o(.text)
    SAI3_IRQHandler                          0x08000443   Thumb Code     0  startup_stm32h743xx.o(.text)
    SAI4_IRQHandler                          0x08000443   Thumb Code     0  startup_stm32h743xx.o(.text)
    SDMMC1_IRQHandler                        0x08000443   Thumb Code     0  startup_stm32h743xx.o(.text)
    SDMMC2_IRQHandler                        0x08000443   Thumb Code     0  startup_stm32h743xx.o(.text)
    SPDIF_RX_IRQHandler                      0x08000443   Thumb Code     0  startup_stm32h743xx.o(.text)
    SPI1_IRQHandler                          0x08000443   Thumb Code     0  startup_stm32h743xx.o(.text)
    SPI2_IRQHandler                          0x08000443   Thumb Code     0  startup_stm32h743xx.o(.text)
    SPI3_IRQHandler                          0x08000443   Thumb Code     0  startup_stm32h743xx.o(.text)
    SPI4_IRQHandler                          0x08000443   Thumb Code     0  startup_stm32h743xx.o(.text)
    SPI5_IRQHandler                          0x08000443   Thumb Code     0  startup_stm32h743xx.o(.text)
    SPI6_IRQHandler                          0x08000443   Thumb Code     0  startup_stm32h743xx.o(.text)
    SWPMI1_IRQHandler                        0x08000443   Thumb Code     0  startup_stm32h743xx.o(.text)
    TAMP_STAMP_IRQHandler                    0x08000443   Thumb Code     0  startup_stm32h743xx.o(.text)
    TIM15_IRQHandler                         0x08000443   Thumb Code     0  startup_stm32h743xx.o(.text)
    TIM16_IRQHandler                         0x08000443   Thumb Code     0  startup_stm32h743xx.o(.text)
    TIM17_IRQHandler                         0x08000443   Thumb Code     0  startup_stm32h743xx.o(.text)
    TIM1_BRK_IRQHandler                      0x08000443   Thumb Code     0  startup_stm32h743xx.o(.text)
    TIM1_CC_IRQHandler                       0x08000443   Thumb Code     0  startup_stm32h743xx.o(.text)
    TIM1_TRG_COM_IRQHandler                  0x08000443   Thumb Code     0  startup_stm32h743xx.o(.text)
    TIM1_UP_IRQHandler                       0x08000443   Thumb Code     0  startup_stm32h743xx.o(.text)
    TIM2_IRQHandler                          0x08000443   Thumb Code     0  startup_stm32h743xx.o(.text)
    TIM3_IRQHandler                          0x08000443   Thumb Code     0  startup_stm32h743xx.o(.text)
    TIM4_IRQHandler                          0x08000443   Thumb Code     0  startup_stm32h743xx.o(.text)
    TIM5_IRQHandler                          0x08000443   Thumb Code     0  startup_stm32h743xx.o(.text)
    TIM8_BRK_TIM12_IRQHandler                0x08000443   Thumb Code     0  startup_stm32h743xx.o(.text)
    TIM8_CC_IRQHandler                       0x08000443   Thumb Code     0  startup_stm32h743xx.o(.text)
    TIM8_TRG_COM_TIM14_IRQHandler            0x08000443   Thumb Code     0  startup_stm32h743xx.o(.text)
    TIM8_UP_TIM13_IRQHandler                 0x08000443   Thumb Code     0  startup_stm32h743xx.o(.text)
    UART4_IRQHandler                         0x08000443   Thumb Code     0  startup_stm32h743xx.o(.text)
    UART5_IRQHandler                         0x08000443   Thumb Code     0  startup_stm32h743xx.o(.text)
    UART7_IRQHandler                         0x08000443   Thumb Code     0  startup_stm32h743xx.o(.text)
    UART8_IRQHandler                         0x08000443   Thumb Code     0  startup_stm32h743xx.o(.text)
    USART2_IRQHandler                        0x08000443   Thumb Code     0  startup_stm32h743xx.o(.text)
    USART3_IRQHandler                        0x08000443   Thumb Code     0  startup_stm32h743xx.o(.text)
    USART6_IRQHandler                        0x08000443   Thumb Code     0  startup_stm32h743xx.o(.text)
    WAKEUP_PIN_IRQHandler                    0x08000443   Thumb Code     0  startup_stm32h743xx.o(.text)
    WWDG_IRQHandler                          0x08000443   Thumb Code     0  startup_stm32h743xx.o(.text)
    __user_initial_stackheap                 0x08000445   Thumb Code     0  startup_stm32h743xx.o(.text)
    __aeabi_uldivmod                         0x0800046d   Thumb Code     0  lludivv7m.o(.text)
    _ll_udiv                                 0x0800046d   Thumb Code   238  lludivv7m.o(.text)
    vsnprintf                                0x0800055d   Thumb Code    48  vsnprintf.o(.text)
    __2sprintf                               0x08000591   Thumb Code    38  __2sprintf.o(.text)
    _printf_pre_padding                      0x080005bd   Thumb Code    44  _printf_pad.o(.text)
    _printf_post_padding                     0x080005e9   Thumb Code    34  _printf_pad.o(.text)
    _printf_int_dec                          0x0800060d   Thumb Code   104  _printf_dec.o(.text)
    __printf                                 0x08000685   Thumb Code   388  __printf_flags_ss_wp.o(.text)
    __aeabi_memcpy                           0x0800080d   Thumb Code     0  rt_memcpy_v6.o(.text)
    __rt_memcpy                              0x0800080d   Thumb Code   138  rt_memcpy_v6.o(.text)
    _memcpy_lastbytes                        0x08000873   Thumb Code     0  rt_memcpy_v6.o(.text)
    __aeabi_memclr                           0x08000897   Thumb Code     0  rt_memclr.o(.text)
    __rt_memclr                              0x08000897   Thumb Code    68  rt_memclr.o(.text)
    _memset                                  0x0800089b   Thumb Code     0  rt_memclr.o(.text)
    __aeabi_memclr4                          0x080008db   Thumb Code     0  rt_memclr_w.o(.text)
    __aeabi_memclr8                          0x080008db   Thumb Code     0  rt_memclr_w.o(.text)
    __rt_memclr_w                            0x080008db   Thumb Code    78  rt_memclr_w.o(.text)
    _memset_w                                0x080008df   Thumb Code     0  rt_memclr_w.o(.text)
    __use_two_region_memory                  0x08000929   Thumb Code     2  heapauxi.o(.text)
    __rt_heap_escrow$2region                 0x0800092b   Thumb Code     2  heapauxi.o(.text)
    __rt_heap_expand$2region                 0x0800092d   Thumb Code     2  heapauxi.o(.text)
    _printf_truncate_signed                  0x0800092f   Thumb Code    18  _printf_truncate.o(.text)
    _printf_truncate_unsigned                0x08000941   Thumb Code    18  _printf_truncate.o(.text)
    _printf_str                              0x08000953   Thumb Code    82  _printf_str.o(.text)
    _printf_int_common                       0x080009a5   Thumb Code   178  _printf_intcommon.o(.text)
    _printf_charcount                        0x08000a57   Thumb Code    40  _printf_charcount.o(.text)
    _printf_char_common                      0x08000a8b   Thumb Code    32  _printf_char_common.o(.text)
    _sputc                                   0x08000ab1   Thumb Code    10  _sputc.o(.text)
    _snputc                                  0x08000abb   Thumb Code    16  _snputc.o(.text)
    _printf_wctomb                           0x08000acd   Thumb Code   182  _printf_wctomb.o(.text)
    _printf_longlong_dec                     0x08000b89   Thumb Code   108  _printf_longlong_dec.o(.text)
    _printf_longlong_oct                     0x08000c05   Thumb Code    66  _printf_oct_int_ll.o(.text)
    _printf_int_oct                          0x08000c47   Thumb Code    24  _printf_oct_int_ll.o(.text)
    _printf_ll_oct                           0x08000c5f   Thumb Code    12  _printf_oct_int_ll.o(.text)
    _printf_longlong_hex                     0x08000c75   Thumb Code    86  _printf_hex_int_ll_ptr.o(.text)
    _printf_int_hex                          0x08000ccb   Thumb Code    28  _printf_hex_int_ll_ptr.o(.text)
    _printf_ll_hex                           0x08000ce7   Thumb Code    12  _printf_hex_int_ll_ptr.o(.text)
    _printf_hex_ptr                          0x08000cf3   Thumb Code    18  _printf_hex_int_ll_ptr.o(.text)
    __aeabi_memcpy4                          0x08000d09   Thumb Code     0  rt_memcpy_w.o(.text)
    __aeabi_memcpy8                          0x08000d09   Thumb Code     0  rt_memcpy_w.o(.text)
    __rt_memcpy_w                            0x08000d09   Thumb Code   100  rt_memcpy_w.o(.text)
    _memcpy_lastbytes_aligned                0x08000d51   Thumb Code     0  rt_memcpy_w.o(.text)
    _ll_udiv10                               0x08000d6d   Thumb Code   138  lludiv10.o(.text)
    __lib_sel_fp_printf                      0x08000df7   Thumb Code     2  _printf_fp_dec.o(.text)
    _printf_fp_dec_real                      0x08000fa9   Thumb Code   620  _printf_fp_dec.o(.text)
    _printf_fp_hex_real                      0x08001215   Thumb Code   756  _printf_fp_hex.o(.text)
    _printf_cs_common                        0x08001511   Thumb Code    20  _printf_char.o(.text)
    _printf_char                             0x08001525   Thumb Code    16  _printf_char.o(.text)
    _printf_string                           0x08001535   Thumb Code     8  _printf_char.o(.text)
    _printf_lcs_common                       0x0800153d   Thumb Code    20  _printf_wchar.o(.text)
    _printf_wchar                            0x08001551   Thumb Code    16  _printf_wchar.o(.text)
    _printf_wstring                          0x08001561   Thumb Code     8  _printf_wchar.o(.text)
    _wcrtomb                                 0x08001569   Thumb Code    64  _wcrtomb.o(.text)
    __user_setup_stackheap                   0x080015a9   Thumb Code    74  sys_stackheap_outer.o(.text)
    __rt_ctype_table                         0x080015f5   Thumb Code    16  rt_ctype_table.o(.text)
    __rt_locale                              0x08001605   Thumb Code     8  rt_locale_intlibspace.o(.text)
    _printf_fp_infnan                        0x0800160d   Thumb Code   112  _printf_fp_infnan.o(.text)
    _btod_etento                             0x0800168d   Thumb Code   224  bigflt0.o(.text)
    exit                                     0x08001771   Thumb Code    18  exit.o(.text)
    __user_libspace                          0x08001785   Thumb Code     8  libspace.o(.text)
    __user_perproc_libspace                  0x08001785   Thumb Code     0  libspace.o(.text)
    __user_perthread_libspace                0x08001785   Thumb Code     0  libspace.o(.text)
    strcmp                                   0x0800178d   Thumb Code   104  strcmpv7m_pel.o(.text)
    _sys_exit                                0x080017f5   Thumb Code     8  sys_exit.o(.text)
    __I$use$semihosting                      0x08001801   Thumb Code     0  use_no_semi.o(.text)
    __use_no_semihosting_swi                 0x08001801   Thumb Code     2  use_no_semi.o(.text)
    __semihosting_library_function           0x08001803   Thumb Code     0  indicate_semi.o(.text)
    _btod_d2e                                0x08001803   Thumb Code    62  btod.o(CL$$btod_d2e)
    _d2e_denorm_low                          0x08001841   Thumb Code    70  btod.o(CL$$btod_d2e_denorm_low)
    _d2e_norm_op1                            0x08001887   Thumb Code    96  btod.o(CL$$btod_d2e_norm_op1)
    __btod_div_common                        0x080018e7   Thumb Code   696  btod.o(CL$$btod_div_common)
    _e2e                                     0x08001c1f   Thumb Code   220  btod.o(CL$$btod_e2e)
    _btod_ediv                               0x08001cfb   Thumb Code    42  btod.o(CL$$btod_ediv)
    _btod_emul                               0x08001d25   Thumb Code    42  btod.o(CL$$btod_emul)
    __btod_mult_common                       0x08001d4f   Thumb Code   580  btod.o(CL$$btod_mult_common)
    BusFault_Handler                         0x08001f93   Thumb Code     2  stm32h7xx_it.o(i.BusFault_Handler)
    Ctrl_Disable                             0x08001f95   Thumb Code    28  timer7_interrupt.o(i.Ctrl_Disable)
    Ctrl_Enable                              0x08001fb9   Thumb Code    32  timer7_interrupt.o(i.Ctrl_Enable)
    Ctrl_Set_Target                          0x08001fe5   Thumb Code    12  timer7_interrupt.o(i.Ctrl_Set_Target)
    DMA1_Stream0_IRQHandler                  0x08001ff9   Thumb Code     6  stm32h7xx_it.o(i.DMA1_Stream0_IRQHandler)
    DMA1_Stream1_IRQHandler                  0x08002005   Thumb Code     6  stm32h7xx_it.o(i.DMA1_Stream1_IRQHandler)
    DebugMon_Handler                         0x08002449   Thumb Code     2  stm32h7xx_it.o(i.DebugMon_Handler)
    Encoder_Init                             0x0800244d   Thumb Code    16  encoder.o(i.Encoder_Init)
    Encoder_Read                             0x08002461   Thumb Code    44  encoder.o(i.Encoder_Read)
    Encoder_Reset                            0x08002491   Thumb Code    20  encoder.o(i.Encoder_Reset)
    Error_Handler                            0x080024a9   Thumb Code     4  main.o(i.Error_Handler)
    ExitRun0Mode                             0x080024ad   Thumb Code    22  system_stm32h7xx.o(i.ExitRun0Mode)
    Gui_DrawPoint                            0x080024c9   Thumb Code    28  lcd.o(i.Gui_DrawPoint)
    HAL_DMA_Abort                            0x080024e5   Thumb Code   836  stm32h7xx_hal_dma.o(i.HAL_DMA_Abort)
    HAL_DMA_Abort_IT                         0x08002845   Thumb Code   602  stm32h7xx_hal_dma.o(i.HAL_DMA_Abort_IT)
    HAL_DMA_GetError                         0x08002ac9   Thumb Code     4  stm32h7xx_hal_dma.o(i.HAL_DMA_GetError)
    HAL_DMA_IRQHandler                       0x08002acd   Thumb Code  1756  stm32h7xx_hal_dma.o(i.HAL_DMA_IRQHandler)
    HAL_DMA_Init                             0x080031b5   Thumb Code   926  stm32h7xx_hal_dma.o(i.HAL_DMA_Init)
    HAL_DMA_Start_IT                         0x08003579   Thumb Code   628  stm32h7xx_hal_dma.o(i.HAL_DMA_Start_IT)
    HAL_Delay                                0x08003815   Thumb Code    32  stm32h7xx_hal.o(i.HAL_Delay)
    HAL_GPIO_Init                            0x08003839   Thumb Code   506  stm32h7xx_hal_gpio.o(i.HAL_GPIO_Init)
    HAL_GPIO_ReadPin                         0x08003a65   Thumb Code    10  stm32h7xx_hal_gpio.o(i.HAL_GPIO_ReadPin)
    HAL_GPIO_WritePin                        0x08003a6f   Thumb Code    10  stm32h7xx_hal_gpio.o(i.HAL_GPIO_WritePin)
    HAL_GetREVID                             0x08003a79   Thumb Code     8  stm32h7xx_hal.o(i.HAL_GetREVID)
    HAL_GetTick                              0x08003a85   Thumb Code     6  stm32h7xx_hal.o(i.HAL_GetTick)
    HAL_IncTick                              0x08003a91   Thumb Code    12  stm32h7xx_hal.o(i.HAL_IncTick)
    HAL_Init                                 0x08003aa1   Thumb Code    74  stm32h7xx_hal.o(i.HAL_Init)
    HAL_InitTick                             0x08003afd   Thumb Code    56  stm32h7xx_hal.o(i.HAL_InitTick)
    HAL_MPU_ConfigRegion                     0x08003b3d   Thumb Code    86  stm32h7xx_hal_cortex.o(i.HAL_MPU_ConfigRegion)
    HAL_MPU_Disable                          0x08003b99   Thumb Code    24  stm32h7xx_hal_cortex.o(i.HAL_MPU_Disable)
    HAL_MPU_Enable                           0x08003bb5   Thumb Code    30  stm32h7xx_hal_cortex.o(i.HAL_MPU_Enable)
    HAL_MspInit                              0x08003bd9   Thumb Code    22  stm32h7xx_hal_msp.o(i.HAL_MspInit)
    HAL_NVIC_EnableIRQ                       0x08003bf5   Thumb Code    26  stm32h7xx_hal_cortex.o(i.HAL_NVIC_EnableIRQ)
    HAL_NVIC_SetPriority                     0x08003c11   Thumb Code    60  stm32h7xx_hal_cortex.o(i.HAL_NVIC_SetPriority)
    HAL_NVIC_SetPriorityGrouping             0x08003c51   Thumb Code    28  stm32h7xx_hal_cortex.o(i.HAL_NVIC_SetPriorityGrouping)
    HAL_PWREx_ConfigSupply                   0x08003c75   Thumb Code    78  stm32h7xx_hal_pwr_ex.o(i.HAL_PWREx_ConfigSupply)
    HAL_RCCEx_GetD3PCLK1Freq                 0x08003cc9   Thumb Code    26  stm32h7xx_hal_rcc_ex.o(i.HAL_RCCEx_GetD3PCLK1Freq)
    HAL_RCCEx_GetPLL2ClockFreq               0x08003ced   Thumb Code   296  stm32h7xx_hal_rcc_ex.o(i.HAL_RCCEx_GetPLL2ClockFreq)
    HAL_RCCEx_GetPLL3ClockFreq               0x08003e31   Thumb Code   296  stm32h7xx_hal_rcc_ex.o(i.HAL_RCCEx_GetPLL3ClockFreq)
    HAL_RCCEx_PeriphCLKConfig                0x08003f75   Thumb Code  2472  stm32h7xx_hal_rcc_ex.o(i.HAL_RCCEx_PeriphCLKConfig)
    HAL_RCC_ClockConfig                      0x08004921   Thumb Code   580  stm32h7xx_hal_rcc.o(i.HAL_RCC_ClockConfig)
    HAL_RCC_GetHCLKFreq                      0x08004b7d   Thumb Code    52  stm32h7xx_hal_rcc.o(i.HAL_RCC_GetHCLKFreq)
    HAL_RCC_GetPCLK1Freq                     0x08004bc1   Thumb Code    26  stm32h7xx_hal_rcc.o(i.HAL_RCC_GetPCLK1Freq)
    HAL_RCC_GetPCLK2Freq                     0x08004be5   Thumb Code    26  stm32h7xx_hal_rcc.o(i.HAL_RCC_GetPCLK2Freq)
    HAL_RCC_GetSysClockFreq                  0x08004c09   Thumb Code   278  stm32h7xx_hal_rcc.o(i.HAL_RCC_GetSysClockFreq)
    HAL_RCC_OscConfig                        0x08004d41   Thumb Code  1410  stm32h7xx_hal_rcc.o(i.HAL_RCC_OscConfig)
    HAL_SPI_Init                             0x080052c5   Thumb Code   366  stm32h7xx_hal_spi.o(i.HAL_SPI_Init)
    HAL_SPI_MspInit                          0x08005441   Thumb Code   120  spi.o(i.HAL_SPI_MspInit)
    HAL_SPI_Transmit                         0x080054c5   Thumb Code   568  stm32h7xx_hal_spi.o(i.HAL_SPI_Transmit)
    HAL_SYSTICK_Config                       0x080056fd   Thumb Code    38  stm32h7xx_hal_cortex.o(i.HAL_SYSTICK_Config)
    HAL_TIMEx_Break2Callback                 0x08005723   Thumb Code     2  stm32h7xx_hal_tim_ex.o(i.HAL_TIMEx_Break2Callback)
    HAL_TIMEx_BreakCallback                  0x08005725   Thumb Code     2  stm32h7xx_hal_tim_ex.o(i.HAL_TIMEx_BreakCallback)
    HAL_TIMEx_CommutCallback                 0x08005727   Thumb Code     2  stm32h7xx_hal_tim_ex.o(i.HAL_TIMEx_CommutCallback)
    HAL_TIMEx_MasterConfigSynchronization    0x08005729   Thumb Code   134  stm32h7xx_hal_tim_ex.o(i.HAL_TIMEx_MasterConfigSynchronization)
    HAL_TIM_Base_Init                        0x080057cd   Thumb Code    98  stm32h7xx_hal_tim.o(i.HAL_TIM_Base_Init)
    HAL_TIM_Base_MspInit                     0x08005831   Thumb Code    86  tim.o(i.HAL_TIM_Base_MspInit)
    HAL_TIM_Base_Start_IT                    0x08005895   Thumb Code   106  stm32h7xx_hal_tim.o(i.HAL_TIM_Base_Start_IT)
    HAL_TIM_Encoder_Init                     0x08005921   Thumb Code   182  stm32h7xx_hal_tim.o(i.HAL_TIM_Encoder_Init)
    HAL_TIM_Encoder_MspInit                  0x080059dd   Thumb Code   268  tim.o(i.HAL_TIM_Encoder_MspInit)
    HAL_TIM_Encoder_Start                    0x08005b0d   Thumb Code   142  stm32h7xx_hal_tim.o(i.HAL_TIM_Encoder_Start)
    HAL_TIM_IC_CaptureCallback               0x08005b9b   Thumb Code     2  stm32h7xx_hal_tim.o(i.HAL_TIM_IC_CaptureCallback)
    HAL_TIM_IRQHandler                       0x08005b9d   Thumb Code   328  stm32h7xx_hal_tim.o(i.HAL_TIM_IRQHandler)
    HAL_TIM_MspPostInit                      0x08005ce5   Thumb Code   128  tim.o(i.HAL_TIM_MspPostInit)
    HAL_TIM_OC_DelayElapsedCallback          0x08005d71   Thumb Code     2  stm32h7xx_hal_tim.o(i.HAL_TIM_OC_DelayElapsedCallback)
    HAL_TIM_PWM_ConfigChannel                0x08005d73   Thumb Code   292  stm32h7xx_hal_tim.o(i.HAL_TIM_PWM_ConfigChannel)
    HAL_TIM_PWM_Init                         0x08005e97   Thumb Code    98  stm32h7xx_hal_tim.o(i.HAL_TIM_PWM_Init)
    HAL_TIM_PWM_MspInit                      0x08005ef9   Thumb Code    30  tim.o(i.HAL_TIM_PWM_MspInit)
    HAL_TIM_PWM_PulseFinishedCallback        0x08005f1d   Thumb Code     2  stm32h7xx_hal_tim.o(i.HAL_TIM_PWM_PulseFinishedCallback)
    HAL_TIM_PWM_Start                        0x08005f21   Thumb Code   232  stm32h7xx_hal_tim.o(i.HAL_TIM_PWM_Start)
    HAL_TIM_PeriodElapsedCallback            0x08006031   Thumb Code    24  stm32h7xx_it.o(i.HAL_TIM_PeriodElapsedCallback)
    HAL_TIM_TriggerCallback                  0x08006051   Thumb Code     2  stm32h7xx_hal_tim.o(i.HAL_TIM_TriggerCallback)
    HAL_UARTEx_DisableFifoMode               0x08006053   Thumb Code    64  stm32h7xx_hal_uart_ex.o(i.HAL_UARTEx_DisableFifoMode)
    HAL_UARTEx_RxEventCallback               0x08006093   Thumb Code     2  stm32h7xx_hal_uart.o(i.HAL_UARTEx_RxEventCallback)
    HAL_UARTEx_RxFifoFullCallback            0x08006095   Thumb Code     2  stm32h7xx_hal_uart_ex.o(i.HAL_UARTEx_RxFifoFullCallback)
    HAL_UARTEx_SetRxFifoThreshold            0x08006097   Thumb Code    76  stm32h7xx_hal_uart_ex.o(i.HAL_UARTEx_SetRxFifoThreshold)
    HAL_UARTEx_SetTxFifoThreshold            0x080060e3   Thumb Code    76  stm32h7xx_hal_uart_ex.o(i.HAL_UARTEx_SetTxFifoThreshold)
    HAL_UARTEx_TxFifoEmptyCallback           0x0800612f   Thumb Code     2  stm32h7xx_hal_uart_ex.o(i.HAL_UARTEx_TxFifoEmptyCallback)
    HAL_UARTEx_WakeupCallback                0x08006131   Thumb Code     2  stm32h7xx_hal_uart_ex.o(i.HAL_UARTEx_WakeupCallback)
    HAL_UART_DMAStop                         0x08006133   Thumb Code   146  stm32h7xx_hal_uart.o(i.HAL_UART_DMAStop)
    HAL_UART_ErrorCallback                   0x080061c5   Thumb Code     2  stm32h7xx_hal_uart.o(i.HAL_UART_ErrorCallback)
    HAL_UART_IRQHandler                      0x080061c9   Thumb Code   898  stm32h7xx_hal_uart.o(i.HAL_UART_IRQHandler)
    HAL_UART_Init                            0x08006565   Thumb Code   106  stm32h7xx_hal_uart.o(i.HAL_UART_Init)
    HAL_UART_MspInit                         0x080065d1   Thumb Code   340  usart.o(i.HAL_UART_MspInit)
    HAL_UART_Receive_DMA                     0x08006741   Thumb Code    66  stm32h7xx_hal_uart.o(i.HAL_UART_Receive_DMA)
    HAL_UART_RxCpltCallback                  0x08006789   Thumb Code     2  myusart.o(i.HAL_UART_RxCpltCallback)
    HAL_UART_RxHalfCpltCallback              0x0800678b   Thumb Code     2  stm32h7xx_hal_uart.o(i.HAL_UART_RxHalfCpltCallback)
    HAL_UART_Transmit                        0x0800678d   Thumb Code   176  stm32h7xx_hal_uart.o(i.HAL_UART_Transmit)
    HAL_UART_TxCpltCallback                  0x0800683d   Thumb Code     2  stm32h7xx_hal_uart.o(i.HAL_UART_TxCpltCallback)
    HardFault_Handler                        0x0800683f   Thumb Code     2  stm32h7xx_it.o(i.HardFault_Handler)
    Key_Init                                 0x08006841   Thumb Code     2  key.o(i.Key_Init)
    Key_Scan                                 0x08006845   Thumb Code    56  key.o(i.Key_Scan)
    LCD_WriteData_16Bit                      0x08006881   Thumb Code    52  lcd.o(i.LCD_WriteData_16Bit)
    Lcd_Clear                                0x080068b9   Thumb Code    36  lcd.o(i.Lcd_Clear)
    Lcd_ClearRegion                          0x080068dd   Thumb Code    42  lcd.o(i.Lcd_ClearRegion)
    Lcd_Init                                 0x08006909   Thumb Code   502  lcd.o(i.Lcd_Init)
    Lcd_SetRegion                            0x08006b05   Thumb Code   106  lcd.o(i.Lcd_SetRegion)
    Lcd_SetXY                                0x08006b6f   Thumb Code     8  lcd.o(i.Lcd_SetXY)
    Lcd_WriteData                            0x08006b79   Thumb Code    46  lcd.o(i.Lcd_WriteData)
    Lcd_WriteIndex                           0x08006bad   Thumb Code    46  lcd.o(i.Lcd_WriteIndex)
    MX_DMA_Init                              0x08006be1   Thumb Code    56  dma.o(i.MX_DMA_Init)
    MX_GPIO_Init                             0x08006c1d   Thumb Code   194  gpio.o(i.MX_GPIO_Init)
    MX_SPI1_Init                             0x08006cf1   Thumb Code    82  spi.o(i.MX_SPI1_Init)
    MX_TIM1_Init                             0x08006d4d   Thumb Code   102  tim.o(i.MX_TIM1_Init)
    MX_TIM2_Init                             0x08006dbd   Thumb Code   156  tim.o(i.MX_TIM2_Init)
    MX_TIM3_Init                             0x08006e5d   Thumb Code    98  tim.o(i.MX_TIM3_Init)
    MX_TIM4_Init                             0x08006ec9   Thumb Code    98  tim.o(i.MX_TIM4_Init)
    MX_TIM5_Init                             0x08006f35   Thumb Code    96  tim.o(i.MX_TIM5_Init)
    MX_TIM6_Init                             0x08006f9d   Thumb Code    62  tim.o(i.MX_TIM6_Init)
    MX_TIM7_Init                             0x08006fe5   Thumb Code    62  tim.o(i.MX_TIM7_Init)
    MX_USART1_UART_Init                      0x0800702d   Thumb Code    94  usart.o(i.MX_USART1_UART_Init)
    MX_USART2_UART_Init                      0x08007095   Thumb Code    94  usart.o(i.MX_USART2_UART_Init)
    MemManage_Handler                        0x080070fd   Thumb Code     2  stm32h7xx_it.o(i.MemManage_Handler)
    Motor_Control                            0x080070ff   Thumb Code    22  motor.o(i.Motor_Control)
    Motor_Init                               0x08007115   Thumb Code    52  motor.o(i.Motor_Init)
    Motor_SetDir                             0x08007149   Thumb Code   104  motor.o(i.Motor_SetDir)
    Motor_SetSpeed                           0x080071b1   Thumb Code    86  motor.o(i.Motor_SetSpeed)
    NMI_Handler                              0x08007207   Thumb Code     2  stm32h7xx_it.o(i.NMI_Handler)
    PID_Calc                                 0x08007209   Thumb Code   126  pid.o(i.PID_Calc)
    PID_Init                                 0x08007289   Thumb Code    96  pid.o(i.PID_Init)
    PID_Reset                                0x080072f1   Thumb Code    18  pid.o(i.PID_Reset)
    PID_Set_Target                           0x08007309   Thumb Code     6  pid.o(i.PID_Set_Target)
    PendSV_Handler                           0x0800730f   Thumb Code     2  stm32h7xx_it.o(i.PendSV_Handler)
    Protocol_Init                            0x08007311   Thumb Code    20  protocol.o(i.Protocol_Init)
    Protocol_Process                         0x08007325   Thumb Code   256  protocol.o(i.Protocol_Process)
    Protocol_RecvByte                        0x08007425   Thumb Code    92  protocol.o(i.Protocol_RecvByte)
    Protocol_Reset                           0x08007481   Thumb Code    18  protocol.o(i.Protocol_Reset)
    SVC_Handler                              0x080077ed   Thumb Code     2  stm32h7xx_it.o(i.SVC_Handler)
    Start_Init                               0x080077f1   Thumb Code   122  start.o(i.Start_Init)
    Start_MainLoop                           0x080078a9   Thumb Code    80  start.o(i.Start_MainLoop)
    SysTick_Handler                          0x08007931   Thumb Code     4  stm32h7xx_it.o(i.SysTick_Handler)
    SystemClock_Config                       0x08007935   Thumb Code   160  main.o(i.SystemClock_Config)
    SystemInit                               0x080079dd   Thumb Code   206  system_stm32h7xx.o(i.SystemInit)
    TIM6_DAC_IRQHandler                      0x08007ad5   Thumb Code     6  stm32h7xx_it.o(i.TIM6_DAC_IRQHandler)
    TIM6_Run                                 0x08007ae1   Thumb Code    10  timer6_interrupt.o(i.TIM6_Run)
    TIM7_IRQHandler                          0x08007af1   Thumb Code     6  stm32h7xx_it.o(i.TIM7_IRQHandler)
    TIM7_Run                                 0x08007afd   Thumb Code   256  timer7_interrupt.o(i.TIM7_Run)
    TIM_Base_SetConfig                       0x08007c21   Thumb Code   170  stm32h7xx_hal_tim.o(i.TIM_Base_SetConfig)
    TIM_CCxChannelCmd                        0x08007ced   Thumb Code    26  stm32h7xx_hal_tim.o(i.TIM_CCxChannelCmd)
    TIM_OC2_SetConfig                        0x08007dad   Thumb Code   126  stm32h7xx_hal_tim.o(i.TIM_OC2_SetConfig)
    Timer6_Interrupt_Init                    0x08008231   Thumb Code    28  timer6_interrupt.o(i.Timer6_Interrupt_Init)
    Timer7_Interrupt_Init                    0x08008255   Thumb Code    88  timer7_interrupt.o(i.Timer7_Interrupt_Init)
    UART_AdvFeatureConfig                    0x08008319   Thumb Code   200  stm32h7xx_hal_uart.o(i.UART_AdvFeatureConfig)
    UART_CheckIdleState                      0x080083e1   Thumb Code   170  stm32h7xx_hal_uart.o(i.UART_CheckIdleState)
    UART_SetConfig                           0x08008611   Thumb Code   876  stm32h7xx_hal_uart.o(i.UART_SetConfig)
    UART_Start_Receive_DMA                   0x080089bd   Thumb Code   156  stm32h7xx_hal_uart.o(i.UART_Start_Receive_DMA)
    UART_WaitOnFlagUntilTimeout              0x08008a65   Thumb Code   148  stm32h7xx_hal_uart.o(i.UART_WaitOnFlagUntilTimeout)
    USART1_IDLE_IRQ_Process                  0x08008af9   Thumb Code   218  myusart.o(i.USART1_IDLE_IRQ_Process)
    USART1_IRQHandler                        0x08008be5   Thumb Code    16  stm32h7xx_it.o(i.USART1_IRQHandler)
    USART_Init                               0x08008bf9   Thumb Code    82  myusart.o(i.USART_Init)
    USART_Send_String                        0x08008c55   Thumb Code    56  myusart.o(i.USART_Send_String)
    USART_Try_Get_Byte                       0x08008c8d   Thumb Code    60  myusart.o(i.USART_Try_Get_Byte)
    UsageFault_Handler                       0x08008cc9   Thumb Code     2  stm32h7xx_it.o(i.UsageFault_Handler)
    __ARM_fpclassify                         0x08008d1d   Thumb Code    48  fpclassify.o(i.__ARM_fpclassify)
    _is_digit                                0x08008d6f   Thumb Code    14  __printf_wp.o(i._is_digit)
    lcd_show_s32                             0x08008df5   Thumb Code   130  lcd.o(i.lcd_show_s32)
    lcd_show_str                             0x08008e7d   Thumb Code    62  lcd.o(i.lcd_show_str)
    lcd_show_u32                             0x08008ebd   Thumb Code   130  lcd.o(i.lcd_show_u32)
    main                                     0x08008f45   Thumb Code   142  main.o(i.main)
    _get_lc_numeric                          0x08009001   Thumb Code    44  lc_numeric_c.o(locale$$code)
    _get_lc_ctype                            0x0800902d   Thumb Code    44  lc_ctype_c.o(locale$$code)
    _fp_init                                 0x08009059   Thumb Code    10  fpinit.o(x$fpl$fpinit)
    __fplib_config_fpu_vfp                   0x08009061   Thumb Code     0  fpinit.o(x$fpl$fpinit)
    __fplib_config_pureend_doubles           0x08009061   Thumb Code     0  fpinit.o(x$fpl$fpinit)
    _printf_fp_dec                           0x08009063   Thumb Code     4  printf1.o(x$fpl$printf1)
    _printf_fp_hex                           0x08009067   Thumb Code     4  printf2.o(x$fpl$printf2)
    __I$use$fp                               0x0800906a   Number         0  usenofp.o(x$fpl$usenofp)
    UARTPrescTable                           0x08009072   Data          24  stm32h7xx_hal_uart.o(.constdata)
    D1CorePrescTable                         0x0800909a   Data          16  system_stm32h7xx.o(.constdata)
    asc16                                    0x080090aa   Data        1520  font.o(.constdata)
    Region$$Table$$Base                      0x08009998   Number         0  anon$$obj.o(Region$$Table)
    Region$$Table$$Limit                     0x080099b8   Number         0  anon$$obj.o(Region$$Table)
    __ctype                                  0x080099e1   Data           0  lc_ctype_c.o(locale$$data)
    dma_rx_buf                               0x24000000   Data         256  myusart.o(.RAM_D2)
    uwTickFreq                               0x24000100   Data           1  stm32h7xx_hal.o(.data)
    uwTickPrio                               0x24000104   Data           4  stm32h7xx_hal.o(.data)
    uwTick                                   0x24000108   Data           4  stm32h7xx_hal.o(.data)
    SystemCoreClock                          0x2400010c   Data           4  system_stm32h7xx.o(.data)
    SystemD2Clock                            0x24000110   Data           4  system_stm32h7xx.o(.data)
    g_tim6_1ms_cnt                           0x24000460   Data           4  timer6_interrupt.o(.data)
    g_ctrl_enable                            0x24000464   Data           1  timer7_interrupt.o(.data)
    g_ctrl_speed_meas                        0x24000468   Data           4  timer7_interrupt.o(.data)
    g_ctrl_speed_target                      0x2400046c   Data           4  timer7_interrupt.o(.data)
    g_ctrl_total_pulse                       0x24000470   Data           4  timer7_interrupt.o(.data)
    hspi1                                    0x24000490   Data         136  spi.o(.bss)
    htim1                                    0x24000518   Data          76  tim.o(.bss)
    htim2                                    0x24000564   Data          76  tim.o(.bss)
    htim3                                    0x240005b0   Data          76  tim.o(.bss)
    htim4                                    0x240005fc   Data          76  tim.o(.bss)
    htim5                                    0x24000648   Data          76  tim.o(.bss)
    htim6                                    0x24000694   Data          76  tim.o(.bss)
    htim7                                    0x240006e0   Data          76  tim.o(.bss)
    huart1                                   0x2400072c   Data         148  usart.o(.bss)
    huart2                                   0x240007c0   Data         148  usart.o(.bss)
    hdma_usart1_rx                           0x24000854   Data         120  usart.o(.bss)
    hdma_usart1_tx                           0x240008cc   Data         120  usart.o(.bss)
    __libspace_start                         0x24000ad0   Data          96  libspace.o(.bss)
    __temporary_stack_top$libspace           0x24000b30   Data           0  libspace.o(.bss)



==============================================================================

Memory Map of the image

  Image Entry point : 0x08000299

  Load Region LR_IROM1 (Base: 0x08000000, Size: 0x00009f74, Max: 0x00200000, ABSOLUTE, COMPRESSED[0x00009b18])

    Execution Region ER_IROM1 (Exec base: 0x08000000, Load base: 0x08000000, Size: 0x00009ae4, Max: 0x00200000, ABSOLUTE)

    Exec Addr    Load Addr    Size         Type   Attr      Idx    E Section Name        Object

    0x08000000   0x08000000   0x00000298   Data   RO            3    RESET               startup_stm32h743xx.o
    0x08000298   0x08000298   0x00000008   Code   RO         5595  * !!!main             c_w.l(__main.o)
    0x080002a0   0x080002a0   0x00000034   Code   RO         5904    !!!scatter          c_w.l(__scatter.o)
    0x080002d4   0x080002d4   0x0000005a   Code   RO         5902    !!dczerorl2         c_w.l(__dczerorl2.o)
    0x0800032e   0x0800032e   0x00000002   PAD
    0x08000330   0x08000330   0x0000001c   Code   RO         5906    !!handler_zi        c_w.l(__scatter_zi.o)
    0x0800034c   0x0800034c   0x00000000   Code   RO         5586    .ARM.Collect$$_printf_percent$$00000000  c_w.l(_printf_percent.o)
    0x0800034c   0x0800034c   0x00000006   Code   RO         5650    .ARM.Collect$$_printf_percent$$00000001  c_w.l(_printf_n.o)
    0x08000352   0x08000352   0x00000006   Code   RO         5652    .ARM.Collect$$_printf_percent$$00000002  c_w.l(_printf_p.o)
    0x08000358   0x08000358   0x00000006   Code   RO         5656    .ARM.Collect$$_printf_percent$$00000003  c_w.l(_printf_f.o)
    0x0800035e   0x0800035e   0x00000006   Code   RO         5657    .ARM.Collect$$_printf_percent$$00000004  c_w.l(_printf_e.o)
    0x08000364   0x08000364   0x00000006   Code   RO         5658    .ARM.Collect$$_printf_percent$$00000005  c_w.l(_printf_g.o)
    0x0800036a   0x0800036a   0x00000006   Code   RO         5659    .ARM.Collect$$_printf_percent$$00000006  c_w.l(_printf_a.o)
    0x08000370   0x08000370   0x0000000a   Code   RO         5664    .ARM.Collect$$_printf_percent$$00000007  c_w.l(_printf_ll.o)
    0x0800037a   0x0800037a   0x00000006   Code   RO         5654    .ARM.Collect$$_printf_percent$$00000008  c_w.l(_printf_i.o)
    0x08000380   0x08000380   0x00000006   Code   RO         5585    .ARM.Collect$$_printf_percent$$00000009  c_w.l(_printf_d.o)
    0x08000386   0x08000386   0x00000006   Code   RO         5655    .ARM.Collect$$_printf_percent$$0000000A  c_w.l(_printf_u.o)
    0x0800038c   0x0800038c   0x00000006   Code   RO         5653    .ARM.Collect$$_printf_percent$$0000000B  c_w.l(_printf_o.o)
    0x08000392   0x08000392   0x00000006   Code   RO         5651    .ARM.Collect$$_printf_percent$$0000000C  c_w.l(_printf_x.o)
    0x08000398   0x08000398   0x00000006   Code   RO         5661    .ARM.Collect$$_printf_percent$$0000000D  c_w.l(_printf_lli.o)
    0x0800039e   0x0800039e   0x00000006   Code   RO         5662    .ARM.Collect$$_printf_percent$$0000000E  c_w.l(_printf_lld.o)
    0x080003a4   0x080003a4   0x00000006   Code   RO         5663    .ARM.Collect$$_printf_percent$$0000000F  c_w.l(_printf_llu.o)
    0x080003aa   0x080003aa   0x00000006   Code   RO         5668    .ARM.Collect$$_printf_percent$$00000010  c_w.l(_printf_llo.o)
    0x080003b0   0x080003b0   0x00000006   Code   RO         5669    .ARM.Collect$$_printf_percent$$00000011  c_w.l(_printf_llx.o)
    0x080003b6   0x080003b6   0x0000000a   Code   RO         5665    .ARM.Collect$$_printf_percent$$00000012  c_w.l(_printf_l.o)
    0x080003c0   0x080003c0   0x00000006   Code   RO         5648    .ARM.Collect$$_printf_percent$$00000013  c_w.l(_printf_c.o)
    0x080003c6   0x080003c6   0x00000006   Code   RO         5649    .ARM.Collect$$_printf_percent$$00000014  c_w.l(_printf_s.o)
    0x080003cc   0x080003cc   0x00000006   Code   RO         5666    .ARM.Collect$$_printf_percent$$00000015  c_w.l(_printf_lc.o)
    0x080003d2   0x080003d2   0x00000006   Code   RO         5667    .ARM.Collect$$_printf_percent$$00000016  c_w.l(_printf_ls.o)
    0x080003d8   0x080003d8   0x00000004   Code   RO         5660    .ARM.Collect$$_printf_percent$$00000017  c_w.l(_printf_percent_end.o)
    0x080003dc   0x080003dc   0x00000002   Code   RO         5762    .ARM.Collect$$libinit$$00000000  c_w.l(libinit.o)
    0x080003de   0x080003de   0x00000004   Code   RO         5784    .ARM.Collect$$libinit$$00000001  c_w.l(libinit2.o)
    0x080003e2   0x080003e2   0x00000000   Code   RO         5787    .ARM.Collect$$libinit$$00000004  c_w.l(libinit2.o)
    0x080003e2   0x080003e2   0x00000000   Code   RO         5790    .ARM.Collect$$libinit$$0000000A  c_w.l(libinit2.o)
    0x080003e2   0x080003e2   0x00000000   Code   RO         5792    .ARM.Collect$$libinit$$0000000C  c_w.l(libinit2.o)
    0x080003e2   0x080003e2   0x00000000   Code   RO         5794    .ARM.Collect$$libinit$$0000000E  c_w.l(libinit2.o)
    0x080003e2   0x080003e2   0x00000006   Code   RO         5795    .ARM.Collect$$libinit$$0000000F  c_w.l(libinit2.o)
    0x080003e8   0x080003e8   0x00000000   Code   RO         5797    .ARM.Collect$$libinit$$00000011  c_w.l(libinit2.o)
    0x080003e8   0x080003e8   0x0000000c   Code   RO         5798    .ARM.Collect$$libinit$$00000012  c_w.l(libinit2.o)
    0x080003f4   0x080003f4   0x00000000   Code   RO         5799    .ARM.Collect$$libinit$$00000013  c_w.l(libinit2.o)
    0x080003f4   0x080003f4   0x00000000   Code   RO         5801    .ARM.Collect$$libinit$$00000015  c_w.l(libinit2.o)
    0x080003f4   0x080003f4   0x0000000a   Code   RO         5802    .ARM.Collect$$libinit$$00000016  c_w.l(libinit2.o)
    0x080003fe   0x080003fe   0x00000000   Code   RO         5803    .ARM.Collect$$libinit$$00000017  c_w.l(libinit2.o)
    0x080003fe   0x080003fe   0x00000000   Code   RO         5805    .ARM.Collect$$libinit$$00000019  c_w.l(libinit2.o)
    0x080003fe   0x080003fe   0x00000000   Code   RO         5807    .ARM.Collect$$libinit$$0000001B  c_w.l(libinit2.o)
    0x080003fe   0x080003fe   0x00000000   Code   RO         5809    .ARM.Collect$$libinit$$0000001D  c_w.l(libinit2.o)
    0x080003fe   0x080003fe   0x00000000   Code   RO         5811    .ARM.Collect$$libinit$$0000001F  c_w.l(libinit2.o)
    0x080003fe   0x080003fe   0x00000000   Code   RO         5813    .ARM.Collect$$libinit$$00000021  c_w.l(libinit2.o)
    0x080003fe   0x080003fe   0x00000000   Code   RO         5815    .ARM.Collect$$libinit$$00000023  c_w.l(libinit2.o)
    0x080003fe   0x080003fe   0x00000000   Code   RO         5817    .ARM.Collect$$libinit$$00000025  c_w.l(libinit2.o)
    0x080003fe   0x080003fe   0x00000000   Code   RO         5821    .ARM.Collect$$libinit$$0000002C  c_w.l(libinit2.o)
    0x080003fe   0x080003fe   0x00000000   Code   RO         5823    .ARM.Collect$$libinit$$0000002E  c_w.l(libinit2.o)
    0x080003fe   0x080003fe   0x00000000   Code   RO         5825    .ARM.Collect$$libinit$$00000030  c_w.l(libinit2.o)
    0x080003fe   0x080003fe   0x00000000   Code   RO         5827    .ARM.Collect$$libinit$$00000032  c_w.l(libinit2.o)
    0x080003fe   0x080003fe   0x00000002   Code   RO         5828    .ARM.Collect$$libinit$$00000033  c_w.l(libinit2.o)
    0x08000400   0x08000400   0x00000002   Code   RO         5859    .ARM.Collect$$libshutdown$$00000000  c_w.l(libshutdown.o)
    0x08000402   0x08000402   0x00000000   Code   RO         5885    .ARM.Collect$$libshutdown$$00000002  c_w.l(libshutdown2.o)
    0x08000402   0x08000402   0x00000000   Code   RO         5887    .ARM.Collect$$libshutdown$$00000004  c_w.l(libshutdown2.o)
    0x08000402   0x08000402   0x00000000   Code   RO         5890    .ARM.Collect$$libshutdown$$00000007  c_w.l(libshutdown2.o)
    0x08000402   0x08000402   0x00000000   Code   RO         5893    .ARM.Collect$$libshutdown$$0000000A  c_w.l(libshutdown2.o)
    0x08000402   0x08000402   0x00000000   Code   RO         5895    .ARM.Collect$$libshutdown$$0000000C  c_w.l(libshutdown2.o)
    0x08000402   0x08000402   0x00000000   Code   RO         5898    .ARM.Collect$$libshutdown$$0000000F  c_w.l(libshutdown2.o)
    0x08000402   0x08000402   0x00000002   Code   RO         5899    .ARM.Collect$$libshutdown$$00000010  c_w.l(libshutdown2.o)
    0x08000404   0x08000404   0x00000000   Code   RO         5597    .ARM.Collect$$rtentry$$00000000  c_w.l(__rtentry.o)
    0x08000404   0x08000404   0x00000000   Code   RO         5681    .ARM.Collect$$rtentry$$00000002  c_w.l(__rtentry2.o)
    0x08000404   0x08000404   0x00000006   Code   RO         5693    .ARM.Collect$$rtentry$$00000004  c_w.l(__rtentry4.o)
    0x0800040a   0x0800040a   0x00000000   Code   RO         5683    .ARM.Collect$$rtentry$$00000009  c_w.l(__rtentry2.o)
    0x0800040a   0x0800040a   0x00000004   Code   RO         5684    .ARM.Collect$$rtentry$$0000000A  c_w.l(__rtentry2.o)
    0x0800040e   0x0800040e   0x00000000   Code   RO         5686    .ARM.Collect$$rtentry$$0000000C  c_w.l(__rtentry2.o)
    0x0800040e   0x0800040e   0x00000008   Code   RO         5687    .ARM.Collect$$rtentry$$0000000D  c_w.l(__rtentry2.o)
    0x08000416   0x08000416   0x00000002   Code   RO         5771    .ARM.Collect$$rtexit$$00000000  c_w.l(rtexit.o)
    0x08000418   0x08000418   0x00000000   Code   RO         5832    .ARM.Collect$$rtexit$$00000002  c_w.l(rtexit2.o)
    0x08000418   0x08000418   0x00000004   Code   RO         5833    .ARM.Collect$$rtexit$$00000003  c_w.l(rtexit2.o)
    0x0800041c   0x0800041c   0x00000006   Code   RO         5834    .ARM.Collect$$rtexit$$00000004  c_w.l(rtexit2.o)
    0x08000422   0x08000422   0x00000002   PAD
    0x08000424   0x08000424   0x00000048   Code   RO            4    .text               startup_stm32h743xx.o
    0x0800046c   0x0800046c   0x000000ee   Code   RO         5551    .text               c_w.l(lludivv7m.o)
    0x0800055a   0x0800055a   0x00000002   PAD
    0x0800055c   0x0800055c   0x00000034   Code   RO         5553    .text               c_w.l(vsnprintf.o)
    0x08000590   0x08000590   0x0000002c   Code   RO         5555    .text               c_w.l(__2sprintf.o)
    0x080005bc   0x080005bc   0x0000004e   Code   RO         5561    .text               c_w.l(_printf_pad.o)
    0x0800060a   0x0800060a   0x00000002   PAD
    0x0800060c   0x0800060c   0x00000078   Code   RO         5563    .text               c_w.l(_printf_dec.o)
    0x08000684   0x08000684   0x00000188   Code   RO         5582    .text               c_w.l(__printf_flags_ss_wp.o)
    0x0800080c   0x0800080c   0x0000008a   Code   RO         5587    .text               c_w.l(rt_memcpy_v6.o)
    0x08000896   0x08000896   0x00000044   Code   RO         5589    .text               c_w.l(rt_memclr.o)
    0x080008da   0x080008da   0x0000004e   Code   RO         5591    .text               c_w.l(rt_memclr_w.o)
    0x08000928   0x08000928   0x00000006   Code   RO         5593    .text               c_w.l(heapauxi.o)
    0x0800092e   0x0800092e   0x00000024   Code   RO         5602    .text               c_w.l(_printf_truncate.o)
    0x08000952   0x08000952   0x00000052   Code   RO         5604    .text               c_w.l(_printf_str.o)
    0x080009a4   0x080009a4   0x000000b2   Code   RO         5606    .text               c_w.l(_printf_intcommon.o)
    0x08000a56   0x08000a56   0x00000028   Code   RO         5608    .text               c_w.l(_printf_charcount.o)
    0x08000a7e   0x08000a7e   0x00000002   PAD
    0x08000a80   0x08000a80   0x00000030   Code   RO         5610    .text               c_w.l(_printf_char_common.o)
    0x08000ab0   0x08000ab0   0x0000000a   Code   RO         5612    .text               c_w.l(_sputc.o)
    0x08000aba   0x08000aba   0x00000010   Code   RO         5614    .text               c_w.l(_snputc.o)
    0x08000aca   0x08000aca   0x00000002   PAD
    0x08000acc   0x08000acc   0x000000bc   Code   RO         5616    .text               c_w.l(_printf_wctomb.o)
    0x08000b88   0x08000b88   0x0000007c   Code   RO         5619    .text               c_w.l(_printf_longlong_dec.o)
    0x08000c04   0x08000c04   0x00000070   Code   RO         5625    .text               c_w.l(_printf_oct_int_ll.o)
    0x08000c74   0x08000c74   0x00000094   Code   RO         5645    .text               c_w.l(_printf_hex_int_ll_ptr.o)
    0x08000d08   0x08000d08   0x00000064   Code   RO         5670    .text               c_w.l(rt_memcpy_w.o)
    0x08000d6c   0x08000d6c   0x0000008a   Code   RO         5697    .text               c_w.l(lludiv10.o)
    0x08000df6   0x08000df6   0x0000041e   Code   RO         5699    .text               c_w.l(_printf_fp_dec.o)
    0x08001214   0x08001214   0x000002fc   Code   RO         5701    .text               c_w.l(_printf_fp_hex.o)
    0x08001510   0x08001510   0x0000002c   Code   RO         5706    .text               c_w.l(_printf_char.o)
    0x0800153c   0x0800153c   0x0000002c   Code   RO         5708    .text               c_w.l(_printf_wchar.o)
    0x08001568   0x08001568   0x00000040   Code   RO         5710    .text               c_w.l(_wcrtomb.o)
    0x080015a8   0x080015a8   0x0000004a   Code   RO         5712    .text               c_w.l(sys_stackheap_outer.o)
    0x080015f2   0x080015f2   0x00000002   PAD
    0x080015f4   0x080015f4   0x00000010   Code   RO         5714    .text               c_w.l(rt_ctype_table.o)
    0x08001604   0x08001604   0x00000008   Code   RO         5719    .text               c_w.l(rt_locale_intlibspace.o)
    0x0800160c   0x0800160c   0x00000080   Code   RO         5721    .text               c_w.l(_printf_fp_infnan.o)
    0x0800168c   0x0800168c   0x000000e4   Code   RO         5723    .text               c_w.l(bigflt0.o)
    0x08001770   0x08001770   0x00000012   Code   RO         5751    .text               c_w.l(exit.o)
    0x08001782   0x08001782   0x00000002   PAD
    0x08001784   0x08001784   0x00000008   Code   RO         5768    .text               c_w.l(libspace.o)
    0x0800178c   0x0800178c   0x00000068   Code   RO         5782    .text               c_w.l(strcmpv7m_pel.o)
    0x080017f4   0x080017f4   0x0000000c   Code   RO         5829    .text               c_w.l(sys_exit.o)
    0x08001800   0x08001800   0x00000002   Code   RO         5848    .text               c_w.l(use_no_semi.o)
    0x08001802   0x08001802   0x00000000   Code   RO         5850    .text               c_w.l(indicate_semi.o)
    0x08001802   0x08001802   0x0000003e   Code   RO         5726    CL$$btod_d2e        c_w.l(btod.o)
    0x08001840   0x08001840   0x00000046   Code   RO         5728    CL$$btod_d2e_denorm_low  c_w.l(btod.o)
    0x08001886   0x08001886   0x00000060   Code   RO         5727    CL$$btod_d2e_norm_op1  c_w.l(btod.o)
    0x080018e6   0x080018e6   0x00000338   Code   RO         5736    CL$$btod_div_common  c_w.l(btod.o)
    0x08001c1e   0x08001c1e   0x000000dc   Code   RO         5733    CL$$btod_e2e        c_w.l(btod.o)
    0x08001cfa   0x08001cfa   0x0000002a   Code   RO         5730    CL$$btod_ediv       c_w.l(btod.o)
    0x08001d24   0x08001d24   0x0000002a   Code   RO         5729    CL$$btod_emul       c_w.l(btod.o)
    0x08001d4e   0x08001d4e   0x00000244   Code   RO         5735    CL$$btod_mult_common  c_w.l(btod.o)
    0x08001f92   0x08001f92   0x00000002   Code   RO          480    i.BusFault_Handler  stm32h7xx_it.o
    0x08001f94   0x08001f94   0x00000024   Code   RO         5491    i.Ctrl_Disable      timer7_interrupt.o
    0x08001fb8   0x08001fb8   0x0000002c   Code   RO         5492    i.Ctrl_Enable       timer7_interrupt.o
    0x08001fe4   0x08001fe4   0x00000014   Code   RO         5493    i.Ctrl_Set_Target   timer7_interrupt.o
    0x08001ff8   0x08001ff8   0x0000000c   Code   RO          481    i.DMA1_Stream0_IRQHandler  stm32h7xx_it.o
    0x08002004   0x08002004   0x0000000c   Code   RO          482    i.DMA1_Stream1_IRQHandler  stm32h7xx_it.o
    0x08002010   0x08002010   0x000000b4   Code   RO         1415    i.DMA_CalcBaseAndBitshift  stm32h7xx_hal_dma.o
    0x080020c4   0x080020c4   0x0000009c   Code   RO         1416    i.DMA_CalcDMAMUXChannelBaseAndMask  stm32h7xx_hal_dma.o
    0x08002160   0x08002160   0x00000074   Code   RO         1417    i.DMA_CalcDMAMUXRequestGenBaseAndMask  stm32h7xx_hal_dma.o
    0x080021d4   0x080021d4   0x00000054   Code   RO         1418    i.DMA_CheckFifoParam  stm32h7xx_hal_dma.o
    0x08002228   0x08002228   0x00000220   Code   RO         1419    i.DMA_SetConfig     stm32h7xx_hal_dma.o
    0x08002448   0x08002448   0x00000002   Code   RO          483    i.DebugMon_Handler  stm32h7xx_it.o
    0x0800244a   0x0800244a   0x00000002   PAD
    0x0800244c   0x0800244c   0x00000014   Code   RO         5104    i.Encoder_Init      encoder.o
    0x08002460   0x08002460   0x00000030   Code   RO         5105    i.Encoder_Read      encoder.o
    0x08002490   0x08002490   0x00000018   Code   RO         5106    i.Encoder_Reset     encoder.o
    0x080024a8   0x080024a8   0x00000004   Code   RO           13    i.Error_Handler     main.o
    0x080024ac   0x080024ac   0x0000001c   Code   RO         4906    i.ExitRun0Mode      system_stm32h7xx.o
    0x080024c8   0x080024c8   0x0000001c   Code   RO         4974    i.Gui_DrawPoint     lcd.o
    0x080024e4   0x080024e4   0x00000360   Code   RO         1420    i.HAL_DMA_Abort     stm32h7xx_hal_dma.o
    0x08002844   0x08002844   0x00000284   Code   RO         1421    i.HAL_DMA_Abort_IT  stm32h7xx_hal_dma.o
    0x08002ac8   0x08002ac8   0x00000004   Code   RO         1423    i.HAL_DMA_GetError  stm32h7xx_hal_dma.o
    0x08002acc   0x08002acc   0x000006e8   Code   RO         1425    i.HAL_DMA_IRQHandler  stm32h7xx_hal_dma.o
    0x080031b4   0x080031b4   0x000003c4   Code   RO         1426    i.HAL_DMA_Init      stm32h7xx_hal_dma.o
    0x08003578   0x08003578   0x0000029c   Code   RO         1430    i.HAL_DMA_Start_IT  stm32h7xx_hal_dma.o
    0x08003814   0x08003814   0x00000024   Code   RO         2129    i.HAL_Delay         stm32h7xx_hal.o
    0x08003838   0x08003838   0x0000022c   Code   RO         1268    i.HAL_GPIO_Init     stm32h7xx_hal_gpio.o
    0x08003a64   0x08003a64   0x0000000a   Code   RO         1270    i.HAL_GPIO_ReadPin  stm32h7xx_hal_gpio.o
    0x08003a6e   0x08003a6e   0x0000000a   Code   RO         1272    i.HAL_GPIO_WritePin  stm32h7xx_hal_gpio.o
    0x08003a78   0x08003a78   0x0000000c   Code   RO         2140    i.HAL_GetREVID      stm32h7xx_hal.o
    0x08003a84   0x08003a84   0x0000000c   Code   RO         2141    i.HAL_GetTick       stm32h7xx_hal.o
    0x08003a90   0x08003a90   0x00000010   Code   RO         2147    i.HAL_IncTick       stm32h7xx_hal.o
    0x08003aa0   0x08003aa0   0x0000005c   Code   RO         2148    i.HAL_Init          stm32h7xx_hal.o
    0x08003afc   0x08003afc   0x00000040   Code   RO         2149    i.HAL_InitTick      stm32h7xx_hal.o
    0x08003b3c   0x08003b3c   0x0000005c   Code   RO          621    i.HAL_MPU_ConfigRegion  stm32h7xx_hal_cortex.o
    0x08003b98   0x08003b98   0x0000001c   Code   RO          622    i.HAL_MPU_Disable   stm32h7xx_hal_cortex.o
    0x08003bb4   0x08003bb4   0x00000024   Code   RO          624    i.HAL_MPU_Enable    stm32h7xx_hal_cortex.o
    0x08003bd8   0x08003bd8   0x0000001c   Code   RO          596    i.HAL_MspInit       stm32h7xx_hal_msp.o
    0x08003bf4   0x08003bf4   0x0000001a   Code   RO          628    i.HAL_NVIC_EnableIRQ  stm32h7xx_hal_cortex.o
    0x08003c0e   0x08003c0e   0x00000002   PAD
    0x08003c10   0x08003c10   0x00000040   Code   RO          634    i.HAL_NVIC_SetPriority  stm32h7xx_hal_cortex.o
    0x08003c50   0x08003c50   0x00000024   Code   RO          635    i.HAL_NVIC_SetPriorityGrouping  stm32h7xx_hal_cortex.o
    0x08003c74   0x08003c74   0x00000054   Code   RO         1869    i.HAL_PWREx_ConfigSupply  stm32h7xx_hal_pwr_ex.o
    0x08003cc8   0x08003cc8   0x00000024   Code   RO          889    i.HAL_RCCEx_GetD3PCLK1Freq  stm32h7xx_hal_rcc_ex.o
    0x08003cec   0x08003cec   0x00000144   Code   RO          891    i.HAL_RCCEx_GetPLL2ClockFreq  stm32h7xx_hal_rcc_ex.o
    0x08003e30   0x08003e30   0x00000144   Code   RO          892    i.HAL_RCCEx_GetPLL3ClockFreq  stm32h7xx_hal_rcc_ex.o
    0x08003f74   0x08003f74   0x000009ac   Code   RO          898    i.HAL_RCCEx_PeriphCLKConfig  stm32h7xx_hal_rcc_ex.o
    0x08004920   0x08004920   0x0000025c   Code   RO          774    i.HAL_RCC_ClockConfig  stm32h7xx_hal_rcc.o
    0x08004b7c   0x08004b7c   0x00000044   Code   RO          779    i.HAL_RCC_GetHCLKFreq  stm32h7xx_hal_rcc.o
    0x08004bc0   0x08004bc0   0x00000024   Code   RO          781    i.HAL_RCC_GetPCLK1Freq  stm32h7xx_hal_rcc.o
    0x08004be4   0x08004be4   0x00000024   Code   RO          782    i.HAL_RCC_GetPCLK2Freq  stm32h7xx_hal_rcc.o
    0x08004c08   0x08004c08   0x00000138   Code   RO          783    i.HAL_RCC_GetSysClockFreq  stm32h7xx_hal_rcc.o
    0x08004d40   0x08004d40   0x00000582   Code   RO          786    i.HAL_RCC_OscConfig  stm32h7xx_hal_rcc.o
    0x080052c2   0x080052c2   0x00000002   PAD
    0x080052c4   0x080052c4   0x0000017c   Code   RO         3043    i.HAL_SPI_Init      stm32h7xx_hal_spi.o
    0x08005440   0x08005440   0x00000084   Code   RO          283    i.HAL_SPI_MspInit   spi.o
    0x080054c4   0x080054c4   0x00000238   Code   RO         3052    i.HAL_SPI_Transmit  stm32h7xx_hal_spi.o
    0x080056fc   0x080056fc   0x00000026   Code   RO          639    i.HAL_SYSTICK_Config  stm32h7xx_hal_cortex.o
    0x08005722   0x08005722   0x00000002   Code   RO         4077    i.HAL_TIMEx_Break2Callback  stm32h7xx_hal_tim_ex.o
    0x08005724   0x08005724   0x00000002   Code   RO         4078    i.HAL_TIMEx_BreakCallback  stm32h7xx_hal_tim_ex.o
    0x08005726   0x08005726   0x00000002   Code   RO         4079    i.HAL_TIMEx_CommutCallback  stm32h7xx_hal_tim_ex.o
    0x08005728   0x08005728   0x000000a4   Code   RO         4099    i.HAL_TIMEx_MasterConfigSynchronization  stm32h7xx_hal_tim_ex.o
    0x080057cc   0x080057cc   0x00000062   Code   RO         3363    i.HAL_TIM_Base_Init  stm32h7xx_hal_tim.o
    0x0800582e   0x0800582e   0x00000002   PAD
    0x08005830   0x08005830   0x00000064   Code   RO          325    i.HAL_TIM_Base_MspInit  tim.o
    0x08005894   0x08005894   0x0000008c   Code   RO         3368    i.HAL_TIM_Base_Start_IT  stm32h7xx_hal_tim.o
    0x08005920   0x08005920   0x000000bc   Code   RO         3384    i.HAL_TIM_Encoder_Init  stm32h7xx_hal_tim.o
    0x080059dc   0x080059dc   0x00000130   Code   RO          327    i.HAL_TIM_Encoder_MspInit  tim.o
    0x08005b0c   0x08005b0c   0x0000008e   Code   RO         3387    i.HAL_TIM_Encoder_Start  stm32h7xx_hal_tim.o
    0x08005b9a   0x08005b9a   0x00000002   Code   RO         3397    i.HAL_TIM_IC_CaptureCallback  stm32h7xx_hal_tim.o
    0x08005b9c   0x08005b9c   0x00000148   Code   RO         3411    i.HAL_TIM_IRQHandler  stm32h7xx_hal_tim.o
    0x08005ce4   0x08005ce4   0x0000008c   Code   RO          328    i.HAL_TIM_MspPostInit  tim.o
    0x08005d70   0x08005d70   0x00000002   Code   RO         3414    i.HAL_TIM_OC_DelayElapsedCallback  stm32h7xx_hal_tim.o
    0x08005d72   0x08005d72   0x00000124   Code   RO         3435    i.HAL_TIM_PWM_ConfigChannel  stm32h7xx_hal_tim.o
    0x08005e96   0x08005e96   0x00000062   Code   RO         3438    i.HAL_TIM_PWM_Init  stm32h7xx_hal_tim.o
    0x08005ef8   0x08005ef8   0x00000024   Code   RO          330    i.HAL_TIM_PWM_MspInit  tim.o
    0x08005f1c   0x08005f1c   0x00000002   Code   RO         3441    i.HAL_TIM_PWM_PulseFinishedCallback  stm32h7xx_hal_tim.o
    0x08005f1e   0x08005f1e   0x00000002   PAD
    0x08005f20   0x08005f20   0x00000110   Code   RO         3443    i.HAL_TIM_PWM_Start  stm32h7xx_hal_tim.o
    0x08006030   0x08006030   0x00000020   Code   RO          484    i.HAL_TIM_PeriodElapsedCallback  stm32h7xx_it.o
    0x08006050   0x08006050   0x00000002   Code   RO         3454    i.HAL_TIM_TriggerCallback  stm32h7xx_hal_tim.o
    0x08006052   0x08006052   0x00000040   Code   RO         4788    i.HAL_UARTEx_DisableFifoMode  stm32h7xx_hal_uart_ex.o
    0x08006092   0x08006092   0x00000002   Code   RO         4377    i.HAL_UARTEx_RxEventCallback  stm32h7xx_hal_uart.o
    0x08006094   0x08006094   0x00000002   Code   RO         4796    i.HAL_UARTEx_RxFifoFullCallback  stm32h7xx_hal_uart_ex.o
    0x08006096   0x08006096   0x0000004c   Code   RO         4797    i.HAL_UARTEx_SetRxFifoThreshold  stm32h7xx_hal_uart_ex.o
    0x080060e2   0x080060e2   0x0000004c   Code   RO         4798    i.HAL_UARTEx_SetTxFifoThreshold  stm32h7xx_hal_uart_ex.o
    0x0800612e   0x0800612e   0x00000002   Code   RO         4800    i.HAL_UARTEx_TxFifoEmptyCallback  stm32h7xx_hal_uart_ex.o
    0x08006130   0x08006130   0x00000002   Code   RO         4801    i.HAL_UARTEx_WakeupCallback  stm32h7xx_hal_uart_ex.o
    0x08006132   0x08006132   0x00000092   Code   RO         4389    i.HAL_UART_DMAStop  stm32h7xx_hal_uart.o
    0x080061c4   0x080061c4   0x00000002   Code   RO         4393    i.HAL_UART_ErrorCallback  stm32h7xx_hal_uart.o
    0x080061c6   0x080061c6   0x00000002   PAD
    0x080061c8   0x080061c8   0x0000039c   Code   RO         4396    i.HAL_UART_IRQHandler  stm32h7xx_hal_uart.o
    0x08006564   0x08006564   0x0000006a   Code   RO         4397    i.HAL_UART_Init     stm32h7xx_hal_uart.o
    0x080065ce   0x080065ce   0x00000002   PAD
    0x080065d0   0x080065d0   0x00000170   Code   RO          433    i.HAL_UART_MspInit  usart.o
    0x08006740   0x08006740   0x00000048   Code   RO         4401    i.HAL_UART_Receive_DMA  stm32h7xx_hal_uart.o
    0x08006788   0x08006788   0x00000002   Code   RO         5232    i.HAL_UART_RxCpltCallback  myusart.o
    0x0800678a   0x0800678a   0x00000002   Code   RO         4405    i.HAL_UART_RxHalfCpltCallback  stm32h7xx_hal_uart.o
    0x0800678c   0x0800678c   0x000000b0   Code   RO         4406    i.HAL_UART_Transmit  stm32h7xx_hal_uart.o
    0x0800683c   0x0800683c   0x00000002   Code   RO         4409    i.HAL_UART_TxCpltCallback  stm32h7xx_hal_uart.o
    0x0800683e   0x0800683e   0x00000002   Code   RO          485    i.HardFault_Handler  stm32h7xx_it.o
    0x08006840   0x08006840   0x00000002   Code   RO         5145    i.Key_Init          key.o
    0x08006842   0x08006842   0x00000002   PAD
    0x08006844   0x08006844   0x0000003c   Code   RO         5146    i.Key_Scan          key.o
    0x08006880   0x08006880   0x00000038   Code   RO         4976    i.LCD_WriteData_16Bit  lcd.o
    0x080068b8   0x080068b8   0x00000024   Code   RO         4977    i.Lcd_Clear         lcd.o
    0x080068dc   0x080068dc   0x0000002a   Code   RO         4978    i.Lcd_ClearRegion   lcd.o
    0x08006906   0x08006906   0x00000002   PAD
    0x08006908   0x08006908   0x000001fc   Code   RO         4979    i.Lcd_Init          lcd.o
    0x08006b04   0x08006b04   0x0000006a   Code   RO         4980    i.Lcd_SetRegion     lcd.o
    0x08006b6e   0x08006b6e   0x00000008   Code   RO         4981    i.Lcd_SetXY         lcd.o
    0x08006b76   0x08006b76   0x00000002   PAD
    0x08006b78   0x08006b78   0x00000034   Code   RO         4982    i.Lcd_WriteData     lcd.o
    0x08006bac   0x08006bac   0x00000034   Code   RO         4983    i.Lcd_WriteIndex    lcd.o
    0x08006be0   0x08006be0   0x0000003c   Code   RO          258    i.MX_DMA_Init       dma.o
    0x08006c1c   0x08006c1c   0x000000d4   Code   RO          234    i.MX_GPIO_Init      gpio.o
    0x08006cf0   0x08006cf0   0x0000005c   Code   RO          284    i.MX_SPI1_Init      spi.o
    0x08006d4c   0x08006d4c   0x00000070   Code   RO          331    i.MX_TIM1_Init      tim.o
    0x08006dbc   0x08006dbc   0x000000a0   Code   RO          332    i.MX_TIM2_Init      tim.o
    0x08006e5c   0x08006e5c   0x0000006c   Code   RO          333    i.MX_TIM3_Init      tim.o
    0x08006ec8   0x08006ec8   0x0000006c   Code   RO          334    i.MX_TIM4_Init      tim.o
    0x08006f34   0x08006f34   0x00000068   Code   RO          335    i.MX_TIM5_Init      tim.o
    0x08006f9c   0x08006f9c   0x00000048   Code   RO          336    i.MX_TIM6_Init      tim.o
    0x08006fe4   0x08006fe4   0x00000048   Code   RO          337    i.MX_TIM7_Init      tim.o
    0x0800702c   0x0800702c   0x00000068   Code   RO          434    i.MX_USART1_UART_Init  usart.o
    0x08007094   0x08007094   0x00000068   Code   RO          435    i.MX_USART2_UART_Init  usart.o
    0x080070fc   0x080070fc   0x00000002   Code   RO          486    i.MemManage_Handler  stm32h7xx_it.o
    0x080070fe   0x080070fe   0x00000016   Code   RO         5180    i.Motor_Control     motor.o
    0x08007114   0x08007114   0x00000034   Code   RO         5181    i.Motor_Init        motor.o
    0x08007148   0x08007148   0x00000068   Code   RO         5182    i.Motor_SetDir      motor.o
    0x080071b0   0x080071b0   0x00000056   Code   RO         5183    i.Motor_SetSpeed    motor.o
    0x08007206   0x08007206   0x00000002   Code   RO          487    i.NMI_Handler       stm32h7xx_it.o
    0x08007208   0x08007208   0x0000007e   Code   RO         5409    i.PID_Calc          pid.o
    0x08007286   0x08007286   0x00000002   PAD
    0x08007288   0x08007288   0x00000068   Code   RO         5410    i.PID_Init          pid.o
    0x080072f0   0x080072f0   0x00000018   Code   RO         5411    i.PID_Reset         pid.o
    0x08007308   0x08007308   0x00000006   Code   RO         5412    i.PID_Set_Target    pid.o
    0x0800730e   0x0800730e   0x00000002   Code   RO          488    i.PendSV_Handler    stm32h7xx_it.o
    0x08007310   0x08007310   0x00000014   Code   RO         5439    i.Protocol_Init     protocol.o
    0x08007324   0x08007324   0x00000100   Code   RO         5440    i.Protocol_Process  protocol.o
    0x08007424   0x08007424   0x0000005c   Code   RO         5441    i.Protocol_RecvByte  protocol.o
    0x08007480   0x08007480   0x00000012   Code   RO         5442    i.Protocol_Reset    protocol.o
    0x08007492   0x08007492   0x00000002   PAD
    0x08007494   0x08007494   0x00000120   Code   RO          901    i.RCCEx_PLL2_Config  stm32h7xx_hal_rcc_ex.o
    0x080075b4   0x080075b4   0x00000120   Code   RO          902    i.RCCEx_PLL3_Config  stm32h7xx_hal_rcc_ex.o
    0x080076d4   0x080076d4   0x000000bc   Code   RO         3063    i.SPI_CloseTransfer  stm32h7xx_hal_spi.o
    0x08007790   0x08007790   0x00000046   Code   RO         3080    i.SPI_WaitOnFlagUntilTimeout  stm32h7xx_hal_spi.o
    0x080077d6   0x080077d6   0x00000002   PAD
    0x080077d8   0x080077d8   0x00000014   Code   RO         4984    i.SPI_WriteData     lcd.o
    0x080077ec   0x080077ec   0x00000002   Code   RO          489    i.SVC_Handler       stm32h7xx_it.o
    0x080077ee   0x080077ee   0x00000002   PAD
    0x080077f0   0x080077f0   0x000000b8   Code   RO         5305    i.Start_Init        start.o
    0x080078a8   0x080078a8   0x00000088   Code   RO         5306    i.Start_MainLoop    start.o
    0x08007930   0x08007930   0x00000004   Code   RO          490    i.SysTick_Handler   stm32h7xx_it.o
    0x08007934   0x08007934   0x000000a8   Code   RO           14    i.SystemClock_Config  main.o
    0x080079dc   0x080079dc   0x000000f8   Code   RO         4908    i.SystemInit        system_stm32h7xx.o
    0x08007ad4   0x08007ad4   0x0000000c   Code   RO          491    i.TIM6_DAC_IRQHandler  stm32h7xx_it.o
    0x08007ae0   0x08007ae0   0x00000010   Code   RO         5370    i.TIM6_Run          timer6_interrupt.o
    0x08007af0   0x08007af0   0x0000000c   Code   RO          492    i.TIM7_IRQHandler   stm32h7xx_it.o
    0x08007afc   0x08007afc   0x00000124   Code   RO         5494    i.TIM7_Run          timer7_interrupt.o
    0x08007c20   0x08007c20   0x000000cc   Code   RO         3456    i.TIM_Base_SetConfig  stm32h7xx_hal_tim.o
    0x08007cec   0x08007cec   0x0000001a   Code   RO         3457    i.TIM_CCxChannelCmd  stm32h7xx_hal_tim.o
    0x08007d06   0x08007d06   0x00000002   PAD
    0x08007d08   0x08007d08   0x000000a4   Code   RO         3469    i.TIM_OC1_SetConfig  stm32h7xx_hal_tim.o
    0x08007dac   0x08007dac   0x00000098   Code   RO         3470    i.TIM_OC2_SetConfig  stm32h7xx_hal_tim.o
    0x08007e44   0x08007e44   0x00000098   Code   RO         3471    i.TIM_OC3_SetConfig  stm32h7xx_hal_tim.o
    0x08007edc   0x08007edc   0x00000078   Code   RO         3472    i.TIM_OC4_SetConfig  stm32h7xx_hal_tim.o
    0x08007f54   0x08007f54   0x00000074   Code   RO         3473    i.TIM_OC5_SetConfig  stm32h7xx_hal_tim.o
    0x08007fc8   0x08007fc8   0x00000074   Code   RO         3474    i.TIM_OC6_SetConfig  stm32h7xx_hal_tim.o
    0x0800803c   0x0800803c   0x00000080   Code   RO         5307    i.Task_Key          start.o
    0x080080bc   0x080080bc   0x000000a4   Code   RO         5308    i.Task_LCD_Show     start.o
    0x08008160   0x08008160   0x000000d0   Code   RO         5309    i.Task_USART_Report  start.o
    0x08008230   0x08008230   0x00000024   Code   RO         5371    i.Timer6_Interrupt_Init  timer6_interrupt.o
    0x08008254   0x08008254   0x00000080   Code   RO         5495    i.Timer7_Interrupt_Init  timer7_interrupt.o
    0x080082d4   0x080082d4   0x00000044   Code   RO         4802    i.UARTEx_SetNbDataToProcess  stm32h7xx_hal_uart_ex.o
    0x08008318   0x08008318   0x000000c8   Code   RO         4411    i.UART_AdvFeatureConfig  stm32h7xx_hal_uart.o
    0x080083e0   0x080083e0   0x000000aa   Code   RO         4412    i.UART_CheckIdleState  stm32h7xx_hal_uart.o
    0x0800848a   0x0800848a   0x00000010   Code   RO         4413    i.UART_DMAAbortOnError  stm32h7xx_hal_uart.o
    0x0800849a   0x0800849a   0x0000004e   Code   RO         4414    i.UART_DMAError     stm32h7xx_hal_uart.o
    0x080084e8   0x080084e8   0x00000082   Code   RO         4415    i.UART_DMAReceiveCplt  stm32h7xx_hal_uart.o
    0x0800856a   0x0800856a   0x00000020   Code   RO         4417    i.UART_DMARxHalfCplt  stm32h7xx_hal_uart.o
    0x0800858a   0x0800858a   0x00000002   PAD
    0x0800858c   0x0800858c   0x00000054   Code   RO         4423    i.UART_EndRxTransfer  stm32h7xx_hal_uart.o
    0x080085e0   0x080085e0   0x0000002e   Code   RO         4424    i.UART_EndTxTransfer  stm32h7xx_hal_uart.o
    0x0800860e   0x0800860e   0x00000002   PAD
    0x08008610   0x08008610   0x000003ac   Code   RO         4429    i.UART_SetConfig    stm32h7xx_hal_uart.o
    0x080089bc   0x080089bc   0x000000a8   Code   RO         4430    i.UART_Start_Receive_DMA  stm32h7xx_hal_uart.o
    0x08008a64   0x08008a64   0x00000094   Code   RO         4436    i.UART_WaitOnFlagUntilTimeout  stm32h7xx_hal_uart.o
    0x08008af8   0x08008af8   0x000000ec   Code   RO         5233    i.USART1_IDLE_IRQ_Process  myusart.o
    0x08008be4   0x08008be4   0x00000014   Code   RO          493    i.USART1_IRQHandler  stm32h7xx_it.o
    0x08008bf8   0x08008bf8   0x0000005c   Code   RO         5234    i.USART_Init        myusart.o
    0x08008c54   0x08008c54   0x00000038   Code   RO         5236    i.USART_Send_String  myusart.o
    0x08008c8c   0x08008c8c   0x0000003c   Code   RO         5237    i.USART_Try_Get_Byte  myusart.o
    0x08008cc8   0x08008cc8   0x00000002   Code   RO          494    i.UsageFault_Handler  stm32h7xx_it.o
    0x08008cca   0x08008cca   0x00000002   PAD
    0x08008ccc   0x08008ccc   0x00000028   Code   RO         5444    i._CRC16            protocol.o
    0x08008cf4   0x08008cf4   0x00000014   Code   RO         5184    i._Motor_GetHandle  motor.o
    0x08008d08   0x08008d08   0x00000014   Code   RO         5238    i._USART_GetHandle  myusart.o
    0x08008d1c   0x08008d1c   0x00000030   Code   RO         5766    i.__ARM_fpclassify  m_wv.l(fpclassify.o)
    0x08008d4c   0x08008d4c   0x00000022   Code   RO          641    i.__NVIC_SetPriority  stm32h7xx_hal_cortex.o
    0x08008d6e   0x08008d6e   0x0000000e   Code   RO         5575    i._is_digit         c_w.l(__printf_wp.o)
    0x08008d7c   0x08008d7c   0x00000078   Code   RO         4985    i.lcd_draw_char     lcd.o
    0x08008df4   0x08008df4   0x00000088   Code   RO         4986    i.lcd_show_s32      lcd.o
    0x08008e7c   0x08008e7c   0x0000003e   Code   RO         4987    i.lcd_show_str      lcd.o
    0x08008eba   0x08008eba   0x00000002   PAD
    0x08008ebc   0x08008ebc   0x00000088   Code   RO         4988    i.lcd_show_u32      lcd.o
    0x08008f44   0x08008f44   0x0000008e   Code   RO           15    i.main              main.o
    0x08008fd2   0x08008fd2   0x00000002   PAD
    0x08008fd4   0x08008fd4   0x0000002c   Code   RO         4989    i.var_format_fixed  lcd.o
    0x08009000   0x08009000   0x0000002c   Code   RO         5749    locale$$code        c_w.l(lc_numeric_c.o)
    0x0800902c   0x0800902c   0x0000002c   Code   RO         5776    locale$$code        c_w.l(lc_ctype_c.o)
    0x08009058   0x08009058   0x0000000a   Code   RO         5844    x$fpl$fpinit        fz_wv.l(fpinit.o)
    0x08009062   0x08009062   0x00000004   Code   RO         5672    x$fpl$printf1       fz_wv.l(printf1.o)
    0x08009066   0x08009066   0x00000004   Code   RO         5674    x$fpl$printf2       fz_wv.l(printf2.o)
    0x0800906a   0x0800906a   0x00000000   Code   RO         5765    x$fpl$usenofp       fz_wv.l(usenofp.o)
    0x0800906a   0x0800906a   0x00000008   Data   RO         1432    .constdata          stm32h7xx_hal_dma.o
    0x08009072   0x08009072   0x00000018   Data   RO         4437    .constdata          stm32h7xx_hal_uart.o
    0x0800908a   0x0800908a   0x00000010   Data   RO         4803    .constdata          stm32h7xx_hal_uart_ex.o
    0x0800909a   0x0800909a   0x00000010   Data   RO         4909    .constdata          system_stm32h7xx.o
    0x080090aa   0x080090aa   0x000005f0   Data   RO         4949    .constdata          font.o
    0x0800969a   0x0800969a   0x00000200   Data   RO         5445    .constdata          protocol.o
    0x0800989a   0x0800989a   0x00000011   Data   RO         5583    .constdata          c_w.l(__printf_flags_ss_wp.o)
    0x080098ab   0x080098ab   0x00000001   PAD
    0x080098ac   0x080098ac   0x00000008   Data   RO         5617    .constdata          c_w.l(_printf_wctomb.o)
    0x080098b4   0x080098b4   0x00000028   Data   RO         5646    .constdata          c_w.l(_printf_hex_int_ll_ptr.o)
    0x080098dc   0x080098dc   0x00000026   Data   RO         5702    .constdata          c_w.l(_printf_fp_hex.o)
    0x08009902   0x08009902   0x00000002   PAD
    0x08009904   0x08009904   0x00000094   Data   RO         5724    .constdata          c_w.l(bigflt0.o)
    0x08009998   0x08009998   0x00000020   Data   RO         5900    Region$$Table       anon$$obj.o
    0x080099b8   0x080099b8   0x0000001c   Data   RO         5748    locale$$data        c_w.l(lc_numeric_c.o)
    0x080099d4   0x080099d4   0x00000110   Data   RO         5775    locale$$data        c_w.l(lc_ctype_c.o)


    Execution Region RW_IRAM1 (Exec base: 0x20000000, Load base: 0x08009ae4, Size: 0x00000000, Max: 0x00020000, ABSOLUTE)

    **** No section assigned to this execution region ****


    Execution Region RW_IRAM2 (Exec base: 0x24000000, Load base: 0x08009ae4, Size: 0x00001130, Max: 0x00080000, ABSOLUTE, COMPRESSED[0x00000034])

    Exec Addr    Load Addr    Size         Type   Attr      Idx    E Section Name        Object

    0x24000000   COMPRESSED   0x00000100   Data   RW         5239    .RAM_D2             myusart.o
    0x24000100   COMPRESSED   0x0000000c   Data   RW         2170    .data               stm32h7xx_hal.o
    0x2400010c   COMPRESSED   0x00000008   Data   RW         4910    .data               system_stm32h7xx.o
    0x24000114   COMPRESSED   0x0000000c   Data   RW         5107    .data               encoder.o
    0x24000120   COMPRESSED   0x00000008   Data   RW         5147    .data               key.o
    0x24000128   COMPRESSED   0x00000020   Data   RW         5185    .data               motor.o
    0x24000148   COMPRESSED   0x00000308   Data   RW         5240    .data               myusart.o
    0x24000450   COMPRESSED   0x00000010   Data   RW         5311    .data               start.o
    0x24000460   COMPRESSED   0x00000004   Data   RW         5373    .data               timer6_interrupt.o
    0x24000464   COMPRESSED   0x0000002c   Data   RW         5498    .data               timer7_interrupt.o
    0x24000490        -       0x00000088   Zero   RW          285    .bss                spi.o
    0x24000518        -       0x00000214   Zero   RW          338    .bss                tim.o
    0x2400072c        -       0x00000218   Zero   RW          436    .bss                usart.o
    0x24000944        -       0x00000100   Zero   RW         4990    .bss                lcd.o
    0x24000a44        -       0x00000056   Zero   RW         5310    .bss                start.o
    0x24000a9a   COMPRESSED   0x00000002   PAD
    0x24000a9c        -       0x00000034   Zero   RW         5497    .bss                timer7_interrupt.o
    0x24000ad0        -       0x00000060   Zero   RW         5769    .bss                c_w.l(libspace.o)
    0x24000b30        -       0x00000200   Zero   RW            2    HEAP                startup_stm32h743xx.o
    0x24000d30        -       0x00000400   Zero   RW            1    STACK               startup_stm32h743xx.o


==============================================================================

Image component sizes


      Code (inc. data)   RO Data    RW Data    ZI Data      Debug   Object Name

        60          4          0          0          0        778   dma.o
        92         12          0         12          0       2814   encoder.o
         0          0       1520          0          0        464   font.o
       212         18          0          0          0       1031   gpio.o
        62          4          0          8          0       2038   key.o
      1406         60          0          0        256      11735   lcd.o
       314          8          0          0          0    1309336   main.o
       284          6          0         32          0       4273   motor.o
       466         34          0       1032          0       5823   myusart.o
       260         14          0          0          0       2891   pid.o
       426          4        512          0          0       4448   protocol.o
       224         22          0          0        136       1753   spi.o
       820        268          0         16         86       5222   start.o
        72         30        664          0       1536        840   startup_stm32h743xx.o
       232         44          0         12          0      23352   stm32h7xx_hal.o
       354         28          0          0          0      41745   stm32h7xx_hal_cortex.o
      5992        246          8          0          0      12385   stm32h7xx_hal_dma.o
       576         50          0          0          0       2859   stm32h7xx_hal_gpio.o
        28          6          0          0          0        810   stm32h7xx_hal_msp.o
        84          6          0          0          0        789   stm32h7xx_hal_pwr_ex.o
      2466        102          0          0          0       7048   stm32h7xx_hal_rcc.o
      3736        118          0          0          0       7765   stm32h7xx_hal_rcc_ex.o
      1206         14          0          0          0       4586   stm32h7xx_hal_spi.o
      2616        266          0          0          0      16895   stm32h7xx_hal_tim.o
       170         30          0          0          0       3112   stm32h7xx_hal_tim_ex.o
      3444        156         24          0          0      36925   stm32h7xx_hal_uart.o
       290          6         16          0          0       5390   stm32h7xx_hal_uart_ex.o
       120         36          0          0          0       7633   stm32h7xx_it.o
       276         48         16          8          0       1877   system_stm32h7xx.o
      1316        130          0          0        532       7926   tim.o
        52         14          0          4          0       1536   timer6_interrupt.o
       520        104          0         44         52       4263   timer7_interrupt.o
       576         48          0          0        536       2829   usart.o

    ----------------------------------------------------------------------
     28792       1936       2792       1168       3136    1543171   Object Totals
         0          0         32          0          0          0   (incl. Generated)
        40          0          0          0          2          0   (incl. Padding)

    ----------------------------------------------------------------------

      Code (inc. data)   RO Data    RW Data    ZI Data      Debug   Library Member Name

        44          6          0          0          0         84   __2sprintf.o
        90          0          0          0          0          0   __dczerorl2.o
         8          0          0          0          0         68   __main.o
       392          4         17          0          0         92   __printf_flags_ss_wp.o
        14          0          0          0          0         68   __printf_wp.o
         0          0          0          0          0          0   __rtentry.o
        12          0          0          0          0          0   __rtentry2.o
         6          0          0          0          0          0   __rtentry4.o
        52          8          0          0          0          0   __scatter.o
        28          0          0          0          0          0   __scatter_zi.o
         6          0          0          0          0          0   _printf_a.o
         6          0          0          0          0          0   _printf_c.o
        44          0          0          0          0        108   _printf_char.o
        48          6          0          0          0         96   _printf_char_common.o
        40          0          0          0          0         68   _printf_charcount.o
         6          0          0          0          0          0   _printf_d.o
       120         16          0          0          0         92   _printf_dec.o
         6          0          0          0          0          0   _printf_e.o
         6          0          0          0          0          0   _printf_f.o
      1054          0          0          0          0        216   _printf_fp_dec.o
       764          8         38          0          0        100   _printf_fp_hex.o
       128         16          0          0          0         84   _printf_fp_infnan.o
         6          0          0          0          0          0   _printf_g.o
       148          4         40          0          0        160   _printf_hex_int_ll_ptr.o
         6          0          0          0          0          0   _printf_i.o
       178          0          0          0          0         88   _printf_intcommon.o
        10          0          0          0          0          0   _printf_l.o
         6          0          0          0          0          0   _printf_lc.o
        10          0          0          0          0          0   _printf_ll.o
         6          0          0          0          0          0   _printf_lld.o
         6          0          0          0          0          0   _printf_lli.o
         6          0          0          0          0          0   _printf_llo.o
         6          0          0          0          0          0   _printf_llu.o
         6          0          0          0          0          0   _printf_llx.o
       124         16          0          0          0         92   _printf_longlong_dec.o
         6          0          0          0          0          0   _printf_ls.o
         6          0          0          0          0          0   _printf_n.o
         6          0          0          0          0          0   _printf_o.o
       112         10          0          0          0        124   _printf_oct_int_ll.o
         6          0          0          0          0          0   _printf_p.o
        78          0          0          0          0        108   _printf_pad.o
         0          0          0          0          0          0   _printf_percent.o
         4          0          0          0          0          0   _printf_percent_end.o
         6          0          0          0          0          0   _printf_s.o
        82          0          0          0          0         80   _printf_str.o
        36          0          0          0          0         84   _printf_truncate.o
         6          0          0          0          0          0   _printf_u.o
        44          0          0          0          0        108   _printf_wchar.o
       188          6          8          0          0         92   _printf_wctomb.o
         6          0          0          0          0          0   _printf_x.o
        16          0          0          0          0         68   _snputc.o
        10          0          0          0          0         68   _sputc.o
        64          0          0          0          0         92   _wcrtomb.o
       228          4        148          0          0         96   bigflt0.o
      1936        128          0          0          0        672   btod.o
        18          0          0          0          0         80   exit.o
         6          0          0          0          0        152   heapauxi.o
         0          0          0          0          0          0   indicate_semi.o
        44         10        272          0          0         76   lc_ctype_c.o
        44         10         28          0          0         76   lc_numeric_c.o
         2          0          0          0          0          0   libinit.o
        34          0          0          0          0          0   libinit2.o
         2          0          0          0          0          0   libshutdown.o
         2          0          0          0          0          0   libshutdown2.o
         8          4          0          0         96         68   libspace.o
       138          0          0          0          0         80   lludiv10.o
       238          0          0          0          0        100   lludivv7m.o
        16          4          0          0          0         76   rt_ctype_table.o
         8          4          0          0          0         68   rt_locale_intlibspace.o
        68          0          0          0          0         68   rt_memclr.o
        78          0          0          0          0         80   rt_memclr_w.o
       138          0          0          0          0         68   rt_memcpy_v6.o
       100          0          0          0          0         80   rt_memcpy_w.o
         2          0          0          0          0          0   rtexit.o
        10          0          0          0          0          0   rtexit2.o
       104          0          0          0          0         68   strcmpv7m_pel.o
        12          4          0          0          0         68   sys_exit.o
        74          0          0          0          0         80   sys_stackheap_outer.o
         2          0          0          0          0         68   use_no_semi.o
        52          4          0          0          0         80   vsnprintf.o
        10          0          0          0          0        116   fpinit.o
         4          0          0          0          0        116   printf1.o
         4          0          0          0          0        116   printf2.o
         0          0          0          0          0          0   usenofp.o
        48          0          0          0          0        124   fpclassify.o

    ----------------------------------------------------------------------
      7514        272        554          0         96       4916   Library Totals
        16          0          3          0          0          0   (incl. Padding)

    ----------------------------------------------------------------------

      Code (inc. data)   RO Data    RW Data    ZI Data      Debug   Library Name

      7432        272        551          0         96       4444   c_w.l
        18          0          0          0          0        348   fz_wv.l
        48          0          0          0          0        124   m_wv.l

    ----------------------------------------------------------------------
      7514        272        554          0         96       4916   Library Totals

    ----------------------------------------------------------------------

==============================================================================


      Code (inc. data)   RO Data    RW Data    ZI Data      Debug   

     36306       2208       3346       1168       3232    1527943   Grand Totals
     36306       2208       3346         52       3232    1527943   ELF Image Totals (compressed)
     36306       2208       3346         52          0          0   ROM Totals

==============================================================================

    Total RO  Size (Code + RO Data)                39652 (  38.72kB)
    Total RW  Size (RW Data + ZI Data)              4400 (   4.30kB)
    Total ROM Size (Code + RO Data + RW Data)      39704 (  38.77kB)

==============================================================================

